12:55:33 [GW] Watching /Users/brandonolsen23/Downloads/GeoWarehouse/gw-ingest-data (interval: 10s)
12:55:33 [GW] Press Ctrl+C to stop
12:55:36 [GW] Processing batch of 15 file(s)
12:55:43 [GW] Processed 13 record(s): GW00652, GW00653, GW00654, GW00655, GW00656, GW00657, GW00658, GW00659, GW00660, GW00661, GW00662, GW00663, GW00664
12:55:46 [GW] Database updated
13:00:27 [GW] Processing batch of 1 file(s)
13:00:28 [GW] Processed 1 record(s): GW00665
13:00:39 [GW] Database updated
13:02:29 [GW] Processing batch of 1 file(s)
13:02:29 [GW] Processed 1 record(s): GW00666
13:02:34 [GW] Database updated
13:02:44 [GW] Processing batch of 1 file(s)
13:02:46 [GW] Processed 1 record(s): GW00667
13:02:48 [GW] Database updated
13:02:58 [GW] Processing batch of 1 file(s)
13:02:59 [GW] Processed 1 record(s): GW00668
13:03:00 [GW] Database updated
13:03:21 [GW] Processing batch of 1 file(s)
13:03:22 [GW] Processed 1 record(s): GW00669
13:03:23 [GW] Database updated
13:04:13 [GW] Processing batch of 1 file(s)
13:04:14 [GW] Processed 1 record(s): GW00670
13:04:19 [GW] Database updated
13:04:29 [GW] Processing batch of 1 file(s)
13:04:30 [GW] Processed 1 record(s): GW00671
13:04:30 [GW] Database updated
13:06:41 [GW] Processing batch of 1 file(s)
13:06:43 [GW] Processed 1 record(s): GW00672
13:06:48 [GW] Database updated
13:09:29 [GW] Processing batch of 1 file(s)
13:09:31 [GW] Processed 1 record(s): GW00673
13:09:33 [GW] Database updated
13:10:03 [GW] Processing batch of 1 file(s)
13:10:05 [GW] Processed 1 record(s): GW00674
13:10:10 [GW] Database updated
13:12:41 [GW] Processing batch of 1 file(s)
13:12:43 [GW] Processed 1 record(s): GW00675
13:12:48 [GW] Database updated
13:12:58 [GW] Processing batch of 1 file(s)
13:12:59 [GW] Processed 1 record(s): GW00676
13:13:04 [GW] Database updated
13:15:05 [GW] Processing batch of 1 file(s)
13:15:06 [GW] Processed 1 record(s): GW00677
13:15:13 [GW] Database updated
13:15:33 [GW] Processing batch of 1 file(s)
13:15:34 [GW] Processed 1 record(s): GW00678
13:15:34 [GW] Database updated
13:19:06 [GW] Processing batch of 1 file(s)
13:19:07 [GW] Processed 1 record(s): GW00679
13:19:11 [GW] Database updated
13:19:31 [GW] Processing batch of 1 file(s)
13:19:32 [GW] Processed 1 record(s): GW00680
13:19:35 [GW] Database updated
13:20:25 [GW] Processing batch of 1 file(s)
13:20:26 [GW] Processed 1 record(s): GW00681
13:20:31 [GW] Database updated
13:22:32 [GW] Processing batch of 1 file(s)
13:22:51 [GW] Processed 1 record(s): GW00682
13:22:57 [GW] Database updated
13:26:18 [GW] Processing batch of 1 file(s)
13:26:18 [GW] No detail pages in batch
13:39:21 [GW] Processing batch of 1 file(s)
13:39:24 [GW] Processed 1 record(s): GW00683
13:39:33 [GW] Database updated
13:41:34 [GW] Processing batch of 1 file(s)
13:41:35 [GW] Processed 1 record(s): GW00684
13:41:42 [GW] Database updated
13:42:02 [GW] Processing batch of 1 file(s)
13:42:02 [GW] Processed 1 record(s): GW00685
13:42:09 [GW] Database updated
13:42:19 [GW] Processing batch of 1 file(s)
13:42:20 [GW] Processed 1 record(s): GW00686
13:42:20 [GW] Database updated
13:43:30 [GW] Processing batch of 1 file(s)
13:43:31 [GW] Processed 1 record(s): GW00687
13:43:38 [GW] Database updated
13:44:08 [GW] Processing batch of 1 file(s)
13:44:10 [GW] Processed 1 record(s): GW00688
13:44:19 [GW] Database updated
13:45:49 [GW] Processing batch of 1 file(s)
13:45:50 [GW] Processed 1 record(s): GW00689
13:45:56 [GW] Database updated
13:47:56 [GW] Processing batch of 1 file(s)
13:47:58 [GW] Processed 1 record(s): GW00690
13:48:05 [GW] Database updated
13:49:15 [GW] Processing batch of 1 file(s)
13:49:16 [GW] Processed 1 record(s): GW00691
13:49:21 [GW] Database updated
13:49:31 [GW] Processing batch of 1 file(s)
13:49:33 [GW] Processed 1 record(s): GW00692
13:49:38 [GW] Database updated
13:50:58 [GW] Processing batch of 1 file(s)
13:50:59 [GW] Processed 1 record(s): GW00693
13:51:03 [GW] Database updated
13:53:44 [GW] Processing batch of 1 file(s)
13:53:45 [GW] Processed 1 record(s): GW00694
13:53:51 [GW] Database updated
14:01:42 [GW] Processing batch of 1 file(s)
14:01:43 [GW] Processed 1 record(s): GW00695
14:01:50 [GW] Database updated
14:06:20 [GW] Processing batch of 1 file(s)
14:06:21 [GW] Processed 1 record(s): GW00696
14:06:29 [GW] Database updated
14:09:39 [GW] Processing batch of 1 file(s)
14:09:41 [GW] Processed 1 record(s): GW00697
14:09:44 [GW] Database updated
14:11:14 [GW] Processing batch of 1 file(s)
14:11:16 [GW] Processed 1 record(s): GW00698
14:11:22 [GW] Database updated
14:26:04 [GW] Processing batch of 1 file(s)
14:26:25 [GW] Processed 1 record(s): GW00699
14:26:33 [GW] Database updated
14:31:24 [GW] Processing batch of 1 file(s)
14:31:25 [GW] Processed 1 record(s): GW00700
14:31:33 [GW] Database updated
14:34:13 [GW] Processing batch of 1 file(s)
14:34:13 [GW] Processed 1 record(s): GW00701
14:34:16 [GW] Database updated
14:36:07 [GW] Processing batch of 1 file(s)
14:36:08 [GW] Processed 1 record(s): GW00702
14:36:12 [GW] Database updated
14:40:03 [GW] Processing batch of 2 file(s)
14:40:06 [GW] Processed 2 record(s): GW00703, GW00704
14:40:14 [GW] Database updated
14:42:44 [GW] Processing batch of 1 file(s)
14:42:46 [GW] Processed 1 record(s): GW00705
14:42:53 [GW] Database updated
14:43:53 [GW] Processing batch of 1 file(s)
14:43:55 [GW] Processed 1 record(s): GW00706
14:44:02 [GW] Database updated
14:58:57 [GW] Processing batch of 1 file(s)
14:58:58 [GW] Processed 1 record(s): GW00707
14:59:05 [GW] Database updated
15:02:25 [GW] Processing batch of 1 file(s)
15:02:26 [GW] Processed 1 record(s): GW00708
15:02:32 [GW] Database updated
15:06:33 [GW] Processing batch of 1 file(s)
15:06:34 [GW] Processed 1 record(s): GW00709
15:06:40 [GW] Database updated
15:16:31 [GW] Processing batch of 1 file(s)
15:16:33 [GW] Processed 1 record(s): GW00710
15:16:39 [GW] Database updated
15:17:19 [GW] Processing batch of 1 file(s)
15:17:20 [GW] Processed 1 record(s): GW00711
15:17:26 [GW] Database updated
15:20:16 [GW] Processing batch of 1 file(s)
15:20:17 [GW] Processed 1 record(s): GW00712
15:20:23 [GW] Database updated
15:21:33 [GW] Processing batch of 1 file(s)
15:21:34 [GW] Processed 1 record(s): GW00713
15:21:41 [GW] Database updated
15:26:22 [GW] Processing batch of 1 file(s)
15:27:17 [GW] Processed 1 record(s): GW00714
15:27:22 [GW] Database updated
15:27:32 [GW] Processing batch of 1 file(s)
15:27:34 [GW] Processed 1 record(s): GW00715
15:27:35 [GW] Database updated
15:27:55 [GW] Processing batch of 1 file(s)
15:27:56 [GW] Processed 1 record(s): GW00716
15:27:56 [GW] Database updated
15:40:28 [GW] Processing batch of 1 file(s)
15:40:31 [GW] Processed 1 record(s): GW00717
15:40:38 [GW] Database updated
15:41:29 [GW] Processing batch of 1 file(s)
15:41:30 [GW] Processed 1 record(s): GW00718
15:41:30 [GW] Database updated
15:45:51 [GW] Processing batch of 1 file(s)
15:45:53 [GW] Processed 1 record(s): GW00719
15:45:54 [GW] Database updated
16:23:32 [GW] Processing batch of 1 file(s)
16:23:32 [GW] No detail pages in batch
16:29:23 [GW] Processing batch of 1 file(s)
16:29:39 [GW] Processed 1 record(s): GW00720
16:29:44 [GW] Database updated
16:30:54 [GW] Processing batch of 1 file(s)
16:30:54 [GW] No detail pages in batch
16:08:23 [GW] Processing batch of 1 file(s)
16:08:23 [GW] No detail pages in batch
09:06:15 [GW] Processing batch of 1 file(s)
09:06:16 [GW] No detail pages in batch
10:07:55 [GW] Processing batch of 1 file(s)
10:07:55 [GW] No detail pages in batch
10:11:25 [GW] Processing batch of 1 file(s)
10:11:44 [GW] Processed 1 record(s): GW00721
10:11:51 [GW] Database updated
10:12:31 [GW] Processing batch of 1 file(s)
10:12:33 [GW] Processed 1 record(s): GW00722
10:12:37 [GW] Database updated
10:14:58 [GW] Processing batch of 1 file(s)
10:15:02 [GW] Processed 1 record(s): GW00723
10:15:07 [GW] Database updated
10:16:17 [GW] Processing batch of 1 file(s)
10:16:19 [GW] Processed 1 record(s): GW00724
10:16:24 [GW] Database updated
10:36:17 [GW] Processing batch of 1 file(s)
10:36:18 [GW] No detail pages in batch
10:36:28 [GW] Processing batch of 1 file(s)
10:36:30 [GW] Processed 1 record(s): GW00725
10:36:35 [GW] Database updated
10:20:26 [GW] Processing batch of 1 file(s)
10:20:27 [GW] No detail pages in batch
13:06:05 [GW] Processing batch of 1 file(s)
13:06:06 [GW] No detail pages in batch
18:10:43 [GW] Processing batch of 1 file(s)
18:11:18 [GW] Processed 1 record(s): GW00726
18:11:35 [GW] Database updated
23:22:13 [GW] Processing batch of 1 file(s)
23:22:15 [GW] No detail pages in batch
23:22:36 [GW] Processing batch of 1 file(s)
23:23:07 [GW] Processed 1 record(s): GW00727
23:23:11 [GW] Database updated
00:25:43 [GW] Processing batch of 1 file(s)
00:25:44 [GW] No detail pages in batch
00:26:05 [GW] Processing batch of 1 file(s)
00:26:29 [GW] Processed 1 record(s): GW00728
00:26:49 [GW] Database updated
22:01:21 [GW] Processing batch of 1 file(s)
22:01:25 [GW] No detail pages in batch
22:01:36 [GW] Processing batch of 1 file(s)
22:01:42 [GW] Processed 1 record(s): GW00729
22:02:44 [GW] Database updated
22:02:54 [GW] Processing batch of 2 file(s)
22:02:56 [GW] Processed 2 record(s): GW00730, GW00731
22:03:41 [GW] Database updated
22:04:02 [GW] Processing batch of 1 file(s)
22:04:05 [GW] Processed 1 record(s): GW00732
22:04:48 [GW] Database updated
22:04:59 [GW] Processing batch of 1 file(s)
22:05:02 [GW] Processed 1 record(s): GW00733
22:05:03 [GW] Database updated
22:07:45 [GW] Processing batch of 1 file(s)
22:07:47 [GW] Processed 1 record(s): GW00734
22:08:30 [GW] Database updated
22:12:55 [GW] Processing batch of 1 file(s)
22:12:56 [GW] Processed 1 record(s): GW00735
22:13:46 [GW] Database updated
22:13:57 [GW] Processing batch of 1 file(s)
22:13:57 [GW] Processed 1 record(s): GW00736
22:14:29 [GW] Database updated
22:16:21 [GW] Processing batch of 1 file(s)
22:16:22 [GW] Processed 1 record(s): GW00737
22:17:12 [GW] Database updated
22:17:53 [GW] Processing batch of 1 file(s)
22:17:54 [GW] Processed 1 record(s): GW00738
22:18:42 [GW] Database updated
22:18:52 [GW] Processing batch of 1 file(s)
22:18:54 [GW] Processed 1 record(s): GW00739
22:18:57 [GW] Database updated
22:20:49 [GW] Processing batch of 1 file(s)
22:20:51 [GW] Processed 1 record(s): GW00740
22:21:37 [GW] Database updated
22:21:47 [GW] Processing batch of 3 file(s)
22:22:04 [GW] Processed 3 record(s): GW00741, GW00742, GW00743
22:22:44 [GW] Database updated
22:24:16 [GW] Processing batch of 1 file(s)
22:24:17 [GW] Processed 1 record(s): GW00744
22:25:00 [GW] Database updated
22:27:13 [GW] Processing batch of 1 file(s)
22:27:36 [GW] Processed 1 record(s): GW00745
22:28:22 [GW] Database updated
13:50:42 [GW] Processing batch of 1 file(s)
13:50:45 [GW] No detail pages in batch
13:50:56 [GW] Processing batch of 1 file(s)
13:51:00 [GW] No detail pages in batch
13:51:10 [GW] Processing batch of 1 file(s)
13:51:32 [GW] Processed 1 record(s): GW00746
13:51:59 [GW] Database updated
14:05:38 [GW] Processing batch of 1 file(s)
14:05:46 [GW] Processed 1 record(s): GW00747
14:06:46 [GW] Database updated
14:06:56 [GW] Processing batch of 1 file(s)
14:06:58 [GW] Processed 1 record(s): GW00748
14:07:46 [GW] Database updated
17:14:12 [GW] Processing batch of 1 file(s)
17:14:14 [GW] No detail pages in batch
17:14:24 [GW] Processing batch of 1 file(s)
17:14:25 [GW] No detail pages in batch
17:16:38 [GW] Processing batch of 1 file(s)
17:17:12 [GW] Processed 1 record(s): GW00749
17:17:36 [GW] Database updated
17:19:49 [GW] Processing batch of 1 file(s)
17:19:50 [GW] Processed 1 record(s): GW00750
17:20:16 [GW] Database updated
17:54:26 [GW] Processing batch of 1 file(s)
17:54:29 [GW] No detail pages in batch
17:54:59 [GW] Processing batch of 1 file(s)
17:55:03 [GW] Processed 1 record(s): GW00751
17:55:40 [GW] Database updated
17:58:23 [GW] Processing batch of 1 file(s)
17:58:24 [GW] Processed 1 record(s): GW00752
17:58:54 [GW] Database updated
17:59:04 [GW] Processing batch of 2 file(s)
17:59:07 [GW] Processed 2 record(s): GW00753, GW00754
17:59:22 [GW] Database updated
17:59:32 [GW] Processing batch of 1 file(s)
17:59:34 [GW] Processed 1 record(s): GW00755
17:59:35 [GW] Database updated
18:00:47 [GW] Processing batch of 1 file(s)
18:00:49 [GW] Processed 1 record(s): GW00756
18:00:50 [GW] Database updated
07:10:52 [GW] Watching /Users/brandonolsen23/Downloads/GeoWarehouse/gw-ingest-data (interval: 10s)
07:10:52 [GW] Press Ctrl+C to stop
11:49:24 [GW] Processing batch of 2 file(s)
11:49:32 [GW] No detail pages in batch
11:49:52 [GW] Processing batch of 1 file(s)
11:50:22 [GW] Processed 1 record(s): GW00757
11:50:40 [GW] Database updated
11:54:15 [GW] Processing batch of 1 file(s)
11:54:18 [GW] Processed 1 record(s): GW00758
11:54:29 [GW] Database updated
11:57:03 [GW] Processing batch of 1 file(s)
11:57:04 [GW] Processed 1 record(s): GW00759
11:57:14 [GW] Database updated
11:57:55 [GW] Processing batch of 1 file(s)
11:57:56 [GW] Processed 1 record(s): GW00760
11:58:11 [GW]   Linked orphan transaction RT127873 to PRO_75072 via PIN 084190635
11:58:11 [GW] Database updated
