
[2026-06-22 11:16:22] SUPERVISOR START module=parcel_resolver._supervisor_stub args=['--reprocess'] cooldown=2s
Pending: 3
processing record 1/3 ...
  *** THROTTLE DETECTED — HARD STOP ***
[2026-06-22 11:16:22] Round 1 ended: THROTTLE hard-stop. Cooling down 2s, then resuming...
Pending: 0
Nothing to process.
[2026-06-22 11:16:24] COMPLETE — nothing left to process after 2 round(s).

[2026-06-22 11:27:04] SUPERVISOR START module=parcel_resolver.resolve_v2 args=['--reprocess'] cooldown=600s
Sorting pending records (ARN-first, geocoder-needing last)...

[2026-06-22 11:28:38] SUPERVISOR START module=parcel_resolver.resolve_v2 args=['--reprocess'] cooldown=600s
Sorting pending records (ARN-first, geocoder-needing last)...
Cleo Engine — Unified Resolve (v2)
Addresses files:   124,544
Already resolved:  124,544
Pending:           124,529
Mode:              REPROCESS ALL

Loading PIN→ARN bridge from GW data...
  763 PIN→ARN pairs loaded

Loading AgMaps token...
  Using saved token

Starting Ontario geocoder session...
Ontario Geocoder — starting session...
  Session ready.

  Heartbeat OK (call #100)
  Heartbeat OK (call #200)
  Heartbeat OK (call #300)
  Heartbeat OK (call #400)
  Heartbeat OK (call #500)
  Heartbeat OK (call #600)
  [500/124,529] resolved:488 unresolved:12 err:0  geo:633(pt:438/st:112/miss:13) (0.8/s ETA:2476m)
  Heartbeat OK (call #700)
  Heartbeat OK (call #800)
  Heartbeat OK (call #900)
  Heartbeat OK (call #1000)
  Heartbeat OK (call #1100)
  Heartbeat OK (call #1200)
  [1,000/124,529] resolved:967 unresolved:33 err:0  geo:1250(pt:863/st:257/miss:24) (0.8/s ETA:2640m)
  Heartbeat OK (call #1300)
  Heartbeat OK (call #1400)
  Heartbeat OK (call #1500)
  Heartbeat OK (call #1600)

  Token expired at record 1298. Refreshing via browser...
  Captured fresh AgMaps token via existing browser
  Token refreshed. Retrying...
  Heartbeat OK (call #1700)
  Heartbeat OK (call #1800)
  [1,500/124,529] resolved:1,455 unresolved:45 err:0  geo:1843(pt:1320/st:351/miss:34) (0.8/s ETA:2561m)
  Heartbeat OK (call #1900)
  Heartbeat OK (call #2000)
  Heartbeat OK (call #2100)
  Heartbeat OK (call #2200)
  Heartbeat OK (call #2300)
  Heartbeat OK (call #2400)
  [2,000/124,529] resolved:1,936 unresolved:64 err:0  geo:2449(pt:1731/st:487/miss:47) (0.8/s ETA:2549m)
  Heartbeat OK (call #2500)
  Heartbeat OK (call #2600)
  Heartbeat OK (call #2700)
  Heartbeat OK (call #2800)
  Heartbeat OK (call #2900)
  Heartbeat OK (call #3000)
  [2,500/124,529] resolved:2,410 unresolved:90 err:0  geo:3029(pt:2132/st:600/miss:60) (0.8/s ETA:2498m)
  Heartbeat OK (call #3100)
  Heartbeat OK (call #3200)
  Heartbeat OK (call #3300)
  Heartbeat OK (call #3400)
  Heartbeat OK (call #3500)
  Heartbeat OK (call #3600)
  [3,000/124,529] resolved:2,888 unresolved:112 err:0  geo:3636(pt:2570/st:705/miss:67) (0.8/s ETA:2459m)
  Heartbeat OK (call #3700)
  Heartbeat OK (call #3800)
  Heartbeat OK (call #3900)
  Heartbeat OK (call #4000)
  Heartbeat OK (call #4100)
  Heartbeat OK (call #4200)
  [3,500/124,529] resolved:3,366 unresolved:134 err:0  geo:4234(pt:2984/st:809/miss:84) (0.8/s ETA:2419m)
  Heartbeat OK (call #4300)
  Heartbeat OK (call #4400)
  Heartbeat OK (call #4500)
  Heartbeat OK (call #4600)
  Heartbeat OK (call #4700)
  Heartbeat OK (call #4800)
  [4,000/124,529] resolved:3,851 unresolved:149 err:0  geo:4843(pt:3421/st:932/miss:91) (0.8/s ETA:2439m)
  Heartbeat OK (call #4900)
  Heartbeat OK (call #5000)

  Token expired at record 4162. Refreshing via browser...
  Captured fresh AgMaps token via existing browser
  Token refreshed. Retrying...
  Heartbeat OK (call #5100)
  Heartbeat OK (call #5200)
  Heartbeat OK (call #5300)
  Heartbeat OK (call #5400)
  [4,500/124,529] resolved:4,332 unresolved:168 err:0  geo:5469(pt:3858/st:1053/miss:98) (0.8/s ETA:2503m)
  Heartbeat OK (call #5500)
  Heartbeat OK (call #5600)
  Heartbeat OK (call #5700)
  Heartbeat OK (call #5800)
  Heartbeat OK (call #5900)
  Heartbeat OK (call #6000)
  [5,000/124,529] resolved:4,812 unresolved:188 err:0  geo:6051(pt:4257/st:1161/miss:117) (0.8/s ETA:2454m)
  Heartbeat OK (call #6100)
  Heartbeat OK (call #6200)
  Heartbeat OK (call #6300)
  Heartbeat OK (call #6400)
  Heartbeat OK (call #6500)
  Heartbeat OK (call #6600)
  [5,500/124,529] resolved:5,299 unresolved:201 err:0  geo:6650(pt:4662/st:1297/miss:124) (0.8/s ETA:2448m)
  Heartbeat OK (call #6700)
  Heartbeat OK (call #6800)
  Heartbeat OK (call #6900)
  Heartbeat OK (call #7000)
  Heartbeat OK (call #7100)
  Heartbeat OK (call #7200)
  [6,000/124,529] resolved:5,782 unresolved:218 err:0  geo:7271(pt:5057/st:1425/miss:147) (0.8/s ETA:2450m)
  Heartbeat OK (call #7300)
  Heartbeat OK (call #7400)
  Heartbeat OK (call #7500)
  Heartbeat OK (call #7600)
  Heartbeat OK (call #7700)
  Heartbeat OK (call #7800)
  [6,500/124,529] resolved:6,267 unresolved:233 err:0  geo:7849(pt:5467/st:1517/miss:162) (0.8/s ETA:2441m)
  Heartbeat OK (call #7900)
  Heartbeat OK (call #8000)
  Heartbeat OK (call #8100)
  Heartbeat OK (call #8200)
  Heartbeat OK (call #8300)
  Heartbeat OK (call #8400)
  [7,000/124,529] resolved:6,751 unresolved:249 err:0  geo:8450(pt:5888/st:1620/miss:171) (0.8/s ETA:2450m)
  Heartbeat OK (call #8500)

  Token expired at record 7075. Refreshing via browser...
  Browser token capture failed: Page.goto: Timeout 60000ms exceeded.
Call log:
  - navigating to "https://www.lioapplications.lrc.gov.on.ca/AgMaps/Index.html?viewer=AgMaps.AgMaps&locale=en-CA", waiting until "networkidle"

  Falling back to fresh Playwright session...
Ontario Geocoder — starting session...
  Session ready.
  Token refreshed. Retrying...
  Geocode error (attempt 1): Expecting value: line 1 column 1 (char 0)
  Waiting 10s before retry...
  Refreshing session (refresh #1)...
  Session refreshed successfully.
  Geocode error (attempt 2): Expecting value: line 1 column 1 (char 0)
  Waiting 20s before retry...
  Refreshing session (refresh #2)...
  Session refreshed successfully.
  Geocode error (attempt 3): Expecting value: line 1 column 1 (char 0)
  Waiting 30s before retry...
  Refreshing session (refresh #3)...
  Heartbeat OK (call #100)
  Heartbeat OK (call #200)
  Heartbeat OK (call #300)
  Heartbeat OK (call #400)
  [7,500/124,529] resolved:7,236 unresolved:263 err:1  geo:473(pt:336/st:84/miss:7) (0.8/s ETA:2483m)
  Heartbeat OK (call #500)
  Heartbeat OK (call #600)
  Heartbeat OK (call #700)
  Heartbeat OK (call #800)
  Heartbeat OK (call #900)
  Heartbeat OK (call #1000)
  [8,000/124,529] resolved:7,718 unresolved:281 err:1  geo:1032(pt:717/st:191/miss:26) (0.8/s ETA:2453m)
  Heartbeat OK (call #1100)
  Heartbeat OK (call #1200)
  Heartbeat OK (call #1300)
  Heartbeat OK (call #1400)
  Heartbeat OK (call #1500)
  Heartbeat OK (call #1600)
  [8,500/124,529] resolved:8,199 unresolved:300 err:1  geo:1605(pt:1127/st:288/miss:39) (0.8/s ETA:2443m)
  Heartbeat OK (call #1700)
  Heartbeat OK (call #1800)
  Heartbeat OK (call #1900)
  Heartbeat OK (call #2000)
  Heartbeat OK (call #2100)
  [9,000/124,529] resolved:8,663 unresolved:336 err:1  geo:2174(pt:1520/st:411/miss:53) (0.8/s ETA:2426m)
  Heartbeat OK (call #2200)
  Heartbeat OK (call #2300)
  Heartbeat OK (call #2400)
  Heartbeat OK (call #2500)
  Heartbeat OK (call #2600)
  Heartbeat OK (call #2700)
  [9,500/124,529] resolved:9,129 unresolved:370 err:1  geo:2741(pt:1902/st:540/miss:61) (0.8/s ETA:2423m)
  Heartbeat OK (call #2800)
  Heartbeat OK (call #2900)
  Heartbeat OK (call #3000)
  Heartbeat OK (call #3100)

  Token expired at record 9845. Refreshing via browser...
  Browser token capture failed: Page.goto: Timeout 60000ms exceeded.
Call log:
  - navigating to "https://www.lioapplications.lrc.gov.on.ca/AgMaps/Index.html?viewer=AgMaps.AgMaps&locale=en-CA", waiting until "networkidle"

  Falling back to fresh Playwright session...
Ontario Geocoder — starting session...
  Session ready.
  Token refreshed. Retrying...
  Heartbeat OK (call #100)
  [10,000/124,529] resolved:9,612 unresolved:387 err:1  geo:197(pt:137/st:40/miss:3) (0.8/s ETA:2444m)
  Heartbeat OK (call #200)
  Heartbeat OK (call #300)
  Heartbeat OK (call #400)
  Heartbeat OK (call #500)
  Heartbeat OK (call #600)
  Heartbeat OK (call #700)
  [10,500/124,529] resolved:10,081 unresolved:418 err:1  geo:766(pt:504/st:164/miss:9) (0.8/s ETA:2425m)
  Heartbeat OK (call #800)
  Heartbeat OK (call #900)
  Heartbeat OK (call #1000)
  Heartbeat OK (call #1100)
  Heartbeat OK (call #1200)
  Heartbeat OK (call #1300)
  [11,000/124,529] resolved:10,564 unresolved:435 err:1  geo:1317(pt:866/st:300/miss:16) (0.8/s ETA:2413m)
  Heartbeat OK (call #1400)
  Heartbeat OK (call #1500)
  Heartbeat OK (call #1600)
  Heartbeat OK (call #1700)
  Heartbeat OK (call #1800)
  [11,500/124,529] resolved:11,038 unresolved:461 err:1  geo:1871(pt:1232/st:398/miss:27) (0.8/s ETA:2392m)
  Heartbeat OK (call #1900)
  Heartbeat OK (call #2000)
  Heartbeat OK (call #2100)
  Heartbeat OK (call #2200)
  Heartbeat OK (call #2300)
  Heartbeat OK (call #2400)
  [12,000/124,529] resolved:11,507 unresolved:492 err:1  geo:2422(pt:1580/st:524/miss:30) (0.8/s ETA:2390m)
  Heartbeat OK (call #2500)
  Heartbeat OK (call #2600)
  Heartbeat OK (call #2700)
  Heartbeat OK (call #2800)
  Heartbeat OK (call #2900)
  [12,500/124,529] resolved:11,980 unresolved:519 err:1  geo:2986(pt:1976/st:630/miss:48) (0.8/s ETA:2367m)
  Heartbeat OK (call #3000)
  Heartbeat OK (call #3100)
  Heartbeat OK (call #3200)

  Token expired at record 12747. Refreshing via browser...
  Captured fresh AgMaps token via existing browser
  Token refreshed. Retrying...
  Heartbeat OK (call #3300)
  Heartbeat OK (call #3400)
  Heartbeat OK (call #3500)
  [13,000/124,529] resolved:12,460 unresolved:539 err:1  geo:3527(pt:2369/st:720/miss:58) (0.8/s ETA:2360m)
  Heartbeat OK (call #3600)
  Heartbeat OK (call #3700)
  Heartbeat OK (call #3800)
  Heartbeat OK (call #3900)
  Heartbeat OK (call #4000)
  [13,500/124,529] resolved:12,929 unresolved:570 err:1  geo:4080(pt:2747/st:823/miss:68) (0.8/s ETA:2339m)
  Heartbeat OK (call #4100)
  Heartbeat OK (call #4200)
  Heartbeat OK (call #4300)
  Heartbeat OK (call #4400)
  Heartbeat OK (call #4500)
  Heartbeat OK (call #4600)
  [14,000/124,529] resolved:13,400 unresolved:599 err:1  geo:4610(pt:3095/st:938/miss:81) (0.8/s ETA:2325m)
  Heartbeat OK (call #4700)
  Heartbeat OK (call #4800)
  Heartbeat OK (call #4900)
  Heartbeat OK (call #5000)
  Heartbeat OK (call #5100)
  [14,500/124,529] resolved:13,868 unresolved:631 err:1  geo:5153(pt:3445/st:1052/miss:91) (0.8/s ETA:2310m)
  Heartbeat OK (call #5200)
  Heartbeat OK (call #5300)
  Heartbeat OK (call #5400)
  Heartbeat OK (call #5500)
  Heartbeat OK (call #5600)
  [15,000/124,529] resolved:14,340 unresolved:659 err:1  geo:5656(pt:3800/st:1142/miss:107) (0.8/s ETA:2284m)
  Heartbeat OK (call #5700)
  Heartbeat OK (call #5800)
  Heartbeat OK (call #5900)
  Heartbeat OK (call #6000)
  Heartbeat OK (call #6100)
  Heartbeat OK (call #6200)
  [15,500/124,529] resolved:14,814 unresolved:685 err:1  geo:6210(pt:4182/st:1245/miss:121) (0.8/s ETA:2266m)
  Heartbeat OK (call #6300)
  Heartbeat OK (call #6400)
  Heartbeat OK (call #6500)
  Heartbeat OK (call #6600)

  Token expired at record 15853. Refreshing via browser...
  Captured fresh AgMaps token via existing browser
  Token refreshed. Retrying...
  Heartbeat OK (call #6700)
  [16,000/124,529] resolved:15,286 unresolved:713 err:1  geo:6753(pt:4549/st:1364/miss:139) (0.8/s ETA:2258m)
  Heartbeat OK (call #6800)
  Heartbeat OK (call #6900)
  Heartbeat OK (call #7000)
  Heartbeat OK (call #7100)
  Heartbeat OK (call #7200)
  Heartbeat OK (call #7300)
  [16,500/124,529] resolved:15,765 unresolved:734 err:1  geo:7316(pt:4892/st:1513/miss:155) (0.8/s ETA:2249m)
  Heartbeat OK (call #7400)
  Heartbeat OK (call #7500)
  Heartbeat OK (call #7600)
  Heartbeat OK (call #7700)
  Heartbeat OK (call #7800)
  [17,000/124,529] resolved:16,233 unresolved:766 err:1  geo:7816(pt:5243/st:1604/miss:163) (0.8/s ETA:2227m)
  Heartbeat OK (call #7900)
  Heartbeat OK (call #8000)
  Heartbeat OK (call #8100)
  Heartbeat OK (call #8200)
  Heartbeat OK (call #8300)
  [17,500/124,529] resolved:16,707 unresolved:792 err:1  geo:8353(pt:5614/st:1707/miss:169) (0.8/s ETA:2213m)
  Heartbeat OK (call #8400)
  Heartbeat OK (call #8500)
  Heartbeat OK (call #8600)
  Geocode error (attempt 1): Page.evaluate: TypeError: Failed to fetch
    at eval (eval at evaluate (:302:30), <anonymous>:5:20)
    at UtilityScript.evaluate (<anonymous>:309:18)
    at UtilityScript.<anonymous> (<anonymous>:1:44)
  Waiting 10s before retry...
  Refreshing session (refresh #1)...
  Heartbeat OK (call #8700)
  Heartbeat OK (call #8800)
  Heartbeat OK (call #8900)
  [18,000/124,529] resolved:17,184 unresolved:815 err:1  geo:8908(pt:5967/st:1822/miss:183) (0.8/s ETA:2211m)
  Heartbeat OK (call #9000)
  Heartbeat OK (call #9100)
  Heartbeat OK (call #9200)
  Heartbeat OK (call #9300)
  Heartbeat OK (call #9400)
  [18,500/124,529] resolved:17,649 unresolved:850 err:1  geo:9426(pt:6340/st:1902/miss:204) (0.8/s ETA:2194m)
  Heartbeat OK (call #9500)
  Heartbeat OK (call #9600)
  Heartbeat OK (call #9700)
  Heartbeat OK (call #9800)

  Token expired at record 18853. Refreshing via browser...
  Captured fresh AgMaps token via existing browser
  Token refreshed. Retrying...
  Heartbeat OK (call #9900)
  [19,000/124,529] resolved:18,132 unresolved:867 err:1  geo:9965(pt:6712/st:2007/miss:220) (0.8/s ETA:2182m)
  Heartbeat OK (call #10000)
  Heartbeat OK (call #10100)
  Heartbeat OK (call #10200)
  Heartbeat OK (call #10300)
  Heartbeat OK (call #10400)
  Heartbeat OK (call #10500)
  [19,500/124,529] resolved:18,606 unresolved:893 err:1  geo:10509(pt:7068/st:2122/miss:230) (0.8/s ETA:2169m)
  Heartbeat OK (call #10600)
  Heartbeat OK (call #10700)
  Heartbeat OK (call #10800)
  Heartbeat OK (call #10900)
  Heartbeat OK (call #11000)
  [20,000/124,529] resolved:19,080 unresolved:919 err:1  geo:11043(pt:7401/st:2234/miss:240) (0.8/s ETA:2158m)
  Heartbeat OK (call #11100)
  Heartbeat OK (call #11200)
  Heartbeat OK (call #11300)
  Heartbeat OK (call #11400)
  Heartbeat OK (call #11500)
  [20,500/124,529] resolved:19,556 unresolved:943 err:1  geo:11584(pt:7761/st:2348/miss:254) (0.8/s ETA:2148m)
  Heartbeat OK (call #11600)
  Heartbeat OK (call #11700)
  Heartbeat OK (call #11800)
  Heartbeat OK (call #11900)
  Heartbeat OK (call #12000)
  Heartbeat OK (call #12100)
  [21,000/124,529] resolved:20,032 unresolved:967 err:1  geo:12124(pt:8116/st:2468/miss:272) (0.8/s ETA:2134m)
  Heartbeat OK (call #12200)
  Heartbeat OK (call #12300)
  Heartbeat OK (call #12400)
  Heartbeat OK (call #12500)
  Heartbeat OK (call #12600)
  [21,500/124,529] resolved:20,507 unresolved:992 err:1  geo:12689(pt:8484/st:2594/miss:279) (0.8/s ETA:2135m)
  Heartbeat OK (call #12700)
  Heartbeat OK (call #12800)

  Token expired at record 21682. Refreshing via browser...
  Captured fresh AgMaps token via existing browser
  Token refreshed. Retrying...
  Heartbeat OK (call #12900)
  Heartbeat OK (call #13000)
  Heartbeat OK (call #13100)
  Heartbeat OK (call #13200)
  [22,000/124,529] resolved:20,985 unresolved:1,014 err:1  geo:13234(pt:8839/st:2714/miss:290) (0.8/s ETA:2129m)
  Heartbeat OK (call #13300)
  Heartbeat OK (call #13400)
  Heartbeat OK (call #13500)
  Heartbeat OK (call #13600)
  Heartbeat OK (call #13700)
  [22,500/124,529] resolved:21,452 unresolved:1,047 err:1  geo:13792(pt:9205/st:2840/miss:299) (0.8/s ETA:2120m)
  Heartbeat OK (call #13800)
  Heartbeat OK (call #13900)
  Heartbeat OK (call #14000)
  Heartbeat OK (call #14100)
  Heartbeat OK (call #14200)
  Heartbeat OK (call #14300)
  [23,000/124,529] resolved:21,920 unresolved:1,079 err:1  geo:14317(pt:9559/st:2946/miss:310) (0.8/s ETA:2107m)
  Heartbeat OK (call #14400)
  Heartbeat OK (call #14500)
  Heartbeat OK (call #14600)
  Heartbeat OK (call #14700)
  [23,500/124,529] resolved:22,396 unresolved:1,103 err:1  geo:14797(pt:9903/st:3024/miss:316) (0.8/s ETA:2093m)
  Heartbeat OK (call #14800)
  Heartbeat OK (call #14900)
  Heartbeat OK (call #15000)
  Heartbeat OK (call #15100)
  Heartbeat OK (call #15200)
  Heartbeat OK (call #15300)
  [24,000/124,529] resolved:22,870 unresolved:1,129 err:1  geo:15316(pt:10257/st:3131/miss:321) (0.8/s ETA:2081m)
  Heartbeat OK (call #15400)
  Heartbeat OK (call #15500)
  Heartbeat OK (call #15600)
  Heartbeat OK (call #15700)
  Heartbeat OK (call #15800)
  [24,500/124,529] resolved:23,361 unresolved:1,138 err:1  geo:15835(pt:10630/st:3224/miss:332) (0.8/s ETA:2063m)
  Heartbeat OK (call #15900)
  Heartbeat OK (call #16000)
  Heartbeat OK (call #16100)

  Token expired at record 24762. Refreshing via browser...
  Captured fresh AgMaps token via existing browser
  Token refreshed. Retrying...
  Heartbeat OK (call #16200)
  Heartbeat OK (call #16300)
  [25,000/124,529] resolved:23,847 unresolved:1,152 err:1  geo:16359(pt:11024/st:3328/miss:335) (0.8/s ETA:2050m)
  Heartbeat OK (call #16400)
  Heartbeat OK (call #16500)
  Heartbeat OK (call #16600)
  Heartbeat OK (call #16700)
  Heartbeat OK (call #16800)
  [25,500/124,529] resolved:24,312 unresolved:1,187 err:1  geo:16863(pt:11377/st:3406/miss:344) (0.8/s ETA:2033m)
  Heartbeat OK (call #16900)
  Heartbeat OK (call #17000)
  Heartbeat OK (call #17100)
  Heartbeat OK (call #17200)
  Heartbeat OK (call #17300)
  [26,000/124,529] resolved:24,791 unresolved:1,208 err:1  geo:17369(pt:11756/st:3479/miss:348) (0.8/s ETA:2014m)
  Heartbeat OK (call #17400)
  Heartbeat OK (call #17500)
  Heartbeat OK (call #17600)
  Heartbeat OK (call #17700)
  Heartbeat OK (call #17800)
  [26,500/124,529] resolved:25,270 unresolved:1,229 err:1  geo:17883(pt:12119/st:3571/miss:352) (0.8/s ETA:1997m)
  Heartbeat OK (call #17900)
  Heartbeat OK (call #18000)
  Heartbeat OK (call #18100)
  Heartbeat OK (call #18200)
  Heartbeat OK (call #18300)
  [27,000/124,529] resolved:25,741 unresolved:1,258 err:1  geo:18382(pt:12487/st:3642/miss:361) (0.8/s ETA:1981m)
  Heartbeat OK (call #18400)
  Heartbeat OK (call #18500)
  Heartbeat OK (call #18600)
  Heartbeat OK (call #18700)
  Heartbeat OK (call #18800)
  [27,500/124,529] resolved:26,226 unresolved:1,273 err:1  geo:18890(pt:12871/st:3720/miss:367) (0.8/s ETA:1965m)
  Heartbeat OK (call #18900)
  Heartbeat OK (call #19000)
  Heartbeat OK (call #19100)
  Heartbeat OK (call #19200)
  Heartbeat OK (call #19300)
  Heartbeat OK (call #19400)
  [28,000/124,529] resolved:26,715 unresolved:1,284 err:1  geo:19424(pt:13285/st:3803/miss:377) (0.8/s ETA:1953m)
  Heartbeat OK (call #19500)
  Heartbeat OK (call #19600)

  Token expired at record 28171. Refreshing via browser...
  Captured fresh AgMaps token via existing browser
  Token refreshed. Retrying...
  Heartbeat OK (call #19700)
  Heartbeat OK (call #19800)
  Heartbeat OK (call #19900)
  [28,500/124,529] resolved:27,197 unresolved:1,302 err:1  geo:19947(pt:13692/st:3879/miss:379) (0.8/s ETA:1943m)
  Heartbeat OK (call #20000)
  Heartbeat OK (call #20100)
  Heartbeat OK (call #20200)
  Heartbeat OK (call #20300)
  Heartbeat OK (call #20400)
  [29,000/124,529] resolved:27,685 unresolved:1,314 err:1  geo:20459(pt:14069/st:3957/miss:387) (0.8/s ETA:1928m)
  Heartbeat OK (call #20500)
  Heartbeat OK (call #20600)
  Heartbeat OK (call #20700)
  Heartbeat OK (call #20800)
  Heartbeat OK (call #20900)
  [29,500/124,529] resolved:28,165 unresolved:1,334 err:1  geo:20969(pt:14439/st:4039/miss:396) (0.8/s ETA:1912m)
  Heartbeat OK (call #21000)
  Heartbeat OK (call #21100)
  Heartbeat OK (call #21200)
  Heartbeat OK (call #21300)
  Heartbeat OK (call #21400)
  [30,000/124,529] resolved:28,646 unresolved:1,353 err:1  geo:21495(pt:14811/st:4137/miss:407) (0.8/s ETA:1901m)
  Heartbeat OK (call #21500)
  Heartbeat OK (call #21600)
  Heartbeat OK (call #21700)
  Heartbeat OK (call #21800)
  Heartbeat OK (call #21900)
  Heartbeat OK (call #22000)
  [30,500/124,529] resolved:29,133 unresolved:1,366 err:1  geo:22014(pt:15192/st:4223/miss:409) (0.8/s ETA:1887m)
  Heartbeat OK (call #22100)
  Heartbeat OK (call #22200)
  Heartbeat OK (call #22300)
  Heartbeat OK (call #22400)
  Heartbeat OK (call #22500)
  [31,000/124,529] resolved:29,614 unresolved:1,385 err:1  geo:22503(pt:15512/st:4331/miss:417) (0.8/s ETA:1873m)
  Heartbeat OK (call #22600)
  Heartbeat OK (call #22700)
  Heartbeat OK (call #22800)
  Heartbeat OK (call #22900)
  Heartbeat OK (call #23000)

  Token expired at record 31500. Refreshing via browser...
  Captured fresh AgMaps token via existing browser
  Token refreshed. Retrying...
  [31,500/124,529] resolved:30,097 unresolved:1,402 err:1  geo:23040(pt:15899/st:4425/miss:425) (0.8/s ETA:1861m)
  Heartbeat OK (call #23100)
  Heartbeat OK (call #23200)
  Heartbeat OK (call #23300)
  Heartbeat OK (call #23400)
  Heartbeat OK (call #23500)
  [32,000/124,529] resolved:30,582 unresolved:1,417 err:1  geo:23570(pt:16283/st:4516/miss:435) (0.8/s ETA:1847m)
  Heartbeat OK (call #23600)
  Heartbeat OK (call #23700)
  Heartbeat OK (call #23800)
  Heartbeat OK (call #23900)
  Heartbeat OK (call #24000)
  [32,500/124,529] resolved:31,067 unresolved:1,432 err:1  geo:24058(pt:16629/st:4606/miss:443) (0.8/s ETA:1833m)
  Heartbeat OK (call #24100)
  Heartbeat OK (call #24200)
  Heartbeat OK (call #24300)
  Heartbeat OK (call #24400)
  Heartbeat OK (call #24500)
  [33,000/124,529] resolved:31,548 unresolved:1,451 err:1  geo:24531(pt:16982/st:4682/miss:447) (0.8/s ETA:1818m)
  Heartbeat OK (call #24600)
  Heartbeat OK (call #24700)
  Heartbeat OK (call #24800)
  Heartbeat OK (call #24900)
  Heartbeat OK (call #25000)
  [33,500/124,529] resolved:32,028 unresolved:1,471 err:1  geo:25047(pt:17359/st:4763/miss:457) (0.8/s ETA:1804m)
  Heartbeat OK (call #25100)
  Heartbeat OK (call #25200)
  Heartbeat OK (call #25300)
  Heartbeat OK (call #25400)
  Heartbeat OK (call #25500)
  [34,000/124,529] resolved:32,505 unresolved:1,494 err:1  geo:25586(pt:17752/st:4849/miss:462) (0.8/s ETA:1792m)
  Heartbeat OK (call #25600)
  Heartbeat OK (call #25700)
  Heartbeat OK (call #25800)
  Heartbeat OK (call #25900)
  Heartbeat OK (call #26000)
  Heartbeat OK (call #26100)
  [34,500/124,529] resolved:32,988 unresolved:1,511 err:1  geo:26117(pt:18128/st:4954/miss:476) (0.8/s ETA:1782m)
  Heartbeat OK (call #26200)
  Heartbeat OK (call #26300)
  Heartbeat OK (call #26400)
  Heartbeat OK (call #26500)

  Token expired at record 34932. Refreshing via browser...
  Captured fresh AgMaps token via existing browser
  Token refreshed. Retrying...
  Heartbeat OK (call #26600)
  [35,000/124,529] resolved:33,457 unresolved:1,542 err:1  geo:26606(pt:18491/st:5029/miss:479) (0.8/s ETA:1771m)
  Heartbeat OK (call #26700)
  Heartbeat OK (call #26800)
  Heartbeat OK (call #26900)
  Heartbeat OK (call #27000)
  Heartbeat OK (call #27100)
  [35,500/124,529] resolved:33,942 unresolved:1,557 err:1  geo:27115(pt:18873/st:5111/miss:489) (0.8/s ETA:1757m)
  Heartbeat OK (call #27200)
  Heartbeat OK (call #27300)
  Heartbeat OK (call #27400)
  Heartbeat OK (call #27500)
  Heartbeat OK (call #27600)
  [36,000/124,529] resolved:34,420 unresolved:1,579 err:1  geo:27630(pt:19246/st:5207/miss:499) (0.8/s ETA:1746m)
  Heartbeat OK (call #27700)
  Heartbeat OK (call #27800)
  Heartbeat OK (call #27900)
  Heartbeat OK (call #28000)
  Heartbeat OK (call #28100)
  [36,500/124,529] resolved:34,909 unresolved:1,590 err:1  geo:28168(pt:19628/st:5298/miss:503) (0.8/s ETA:1736m)
  Heartbeat OK (call #28200)
  Heartbeat OK (call #28300)
  Heartbeat OK (call #28400)
  Heartbeat OK (call #28500)
  Heartbeat OK (call #28600)
  [37,000/124,529] resolved:35,398 unresolved:1,601 err:1  geo:28688(pt:20005/st:5403/miss:505) (0.8/s ETA:1724m)
  Heartbeat OK (call #28700)
  Heartbeat OK (call #28800)
  Heartbeat OK (call #28900)
  Heartbeat OK (call #29000)
  Heartbeat OK (call #29100)
  Heartbeat OK (call #29200)
  [37,500/124,529] resolved:35,879 unresolved:1,620 err:1  geo:29201(pt:20374/st:5485/miss:513) (0.8/s ETA:1712m)
  Heartbeat OK (call #29300)
  Heartbeat OK (call #29400)
  Heartbeat OK (call #29500)
  Heartbeat OK (call #29600)
  Heartbeat OK (call #29700)
  [38,000/124,529] resolved:36,364 unresolved:1,635 err:1  geo:29746(pt:20752/st:5605/miss:516) (0.8/s ETA:1702m)
  Heartbeat OK (call #29800)

  Token expired at record 38141. Refreshing via browser...
  Captured fresh AgMaps token via existing browser
  Token refreshed. Retrying...
  Heartbeat OK (call #29900)
  Heartbeat OK (call #30000)
  Heartbeat OK (call #30100)
  Heartbeat OK (call #30200)
  [38,500/124,529] resolved:36,848 unresolved:1,651 err:1  geo:30273(pt:21119/st:5706/miss:521) (0.8/s ETA:1695m)
  Heartbeat OK (call #30300)
  Heartbeat OK (call #30400)
  Heartbeat OK (call #30500)
  Heartbeat OK (call #30600)
  Heartbeat OK (call #30700)
  [39,000/124,529] resolved:37,323 unresolved:1,676 err:1  geo:30796(pt:21488/st:5813/miss:527) (0.8/s ETA:1685m)
  Heartbeat OK (call #30800)
  Heartbeat OK (call #30900)
  Heartbeat OK (call #31000)
  Heartbeat OK (call #31100)
  Heartbeat OK (call #31200)
  Heartbeat OK (call #31300)
  [39,500/124,529] resolved:37,770 unresolved:1,729 err:1  geo:31361(pt:21855/st:5983/miss:535) (0.8/s ETA:1681m)
  Heartbeat OK (call #31400)
  Heartbeat OK (call #31500)
  Heartbeat OK (call #31600)
  Heartbeat OK (call #31700)
  Heartbeat OK (call #31800)
  [40,000/124,529] resolved:38,230 unresolved:1,769 err:1  geo:31893(pt:22221/st:6132/miss:543) (0.8/s ETA:1674m)
  Heartbeat OK (call #31900)
  Heartbeat OK (call #32000)
  Heartbeat OK (call #32100)
  Heartbeat OK (call #32200)
  Heartbeat OK (call #32300)
  [40,500/124,529] resolved:38,700 unresolved:1,799 err:1  geo:32374(pt:22561/st:6251/miss:547) (0.8/s ETA:1665m)
  Heartbeat OK (call #32400)
  Heartbeat OK (call #32500)
  Heartbeat OK (call #32600)
  Heartbeat OK (call #32700)

  Token expired at record 40848. Refreshing via browser...
  Captured fresh AgMaps token via existing browser
  Token refreshed. Retrying...
  Heartbeat OK (call #32800)
  [41,000/124,529] resolved:39,168 unresolved:1,831 err:1  geo:32894(pt:22931/st:6371/miss:559) (0.8/s ETA:1657m)
  Heartbeat OK (call #32900)
  Heartbeat OK (call #33000)
  Heartbeat OK (call #33100)
  Heartbeat OK (call #33200)
  Heartbeat OK (call #33300)
  Heartbeat OK (call #33400)
  [41,500/124,529] resolved:39,634 unresolved:1,865 err:1  geo:33417(pt:23279/st:6518/miss:574) (0.8/s ETA:1650m)
  Heartbeat OK (call #33500)
  Heartbeat OK (call #33600)
  Heartbeat OK (call #33700)
  Heartbeat OK (call #33800)
  Heartbeat OK (call #33900)
  [42,000/124,529] resolved:40,114 unresolved:1,885 err:1  geo:33947(pt:23645/st:6667/miss:577) (0.8/s ETA:1642m)
  Heartbeat OK (call #34000)
  Heartbeat OK (call #34100)
  Heartbeat OK (call #34200)
  Heartbeat OK (call #34300)
  Heartbeat OK (call #34400)
  [42,500/124,529] resolved:40,580 unresolved:1,919 err:1  geo:34489(pt:23986/st:6844/miss:582) (0.8/s ETA:1637m)
  Heartbeat OK (call #34500)
  Heartbeat OK (call #34600)
  Heartbeat OK (call #34700)
  Heartbeat OK (call #34800)
  Heartbeat OK (call #34900)
  Heartbeat OK (call #35000)
  [43,000/124,529] resolved:41,049 unresolved:1,950 err:1  geo:35021(pt:24347/st:7001/miss:587) (0.8/s ETA:1630m)
  Heartbeat OK (call #35100)
  Heartbeat OK (call #35200)
  Heartbeat OK (call #35300)
  Heartbeat OK (call #35400)
  Heartbeat OK (call #35500)

  Token expired at record 43429. Refreshing via browser...
  Captured fresh AgMaps token via existing browser
  Token refreshed. Retrying...
  [43,500/124,529] resolved:41,526 unresolved:1,973 err:1  geo:35581(pt:24709/st:7180/miss:589) (0.8/s ETA:1625m)
  Heartbeat OK (call #35600)
  Heartbeat OK (call #35700)
  Heartbeat OK (call #35800)
  Heartbeat OK (call #35900)
  Heartbeat OK (call #36000)
  [44,000/124,529] resolved:41,992 unresolved:2,007 err:1  geo:36065(pt:25038/st:7313/miss:597) (0.8/s ETA:1618m)
  Heartbeat OK (call #36100)
  Heartbeat OK (call #36200)
  Heartbeat OK (call #36300)
  Heartbeat OK (call #36400)
  Heartbeat OK (call #36500)
  [44,500/124,529] resolved:42,463 unresolved:2,036 err:1  geo:36580(pt:25373/st:7481/miss:600) (0.8/s ETA:1610m)
  Heartbeat OK (call #36600)
  Heartbeat OK (call #36700)
  Heartbeat OK (call #36800)
  Heartbeat OK (call #36900)
  Heartbeat OK (call #37000)
  [45,000/124,529] resolved:42,941 unresolved:2,058 err:1  geo:37044(pt:25702/st:7603/miss:606) (0.8/s ETA:1600m)
  Heartbeat OK (call #37100)
  Heartbeat OK (call #37200)
  Heartbeat OK (call #37300)
  Heartbeat OK (call #37400)
  Heartbeat OK (call #37500)
  [45,500/124,529] resolved:43,411 unresolved:2,088 err:1  geo:37540(pt:26028/st:7755/miss:614) (0.8/s ETA:1593m)
  Heartbeat OK (call #37600)
  Heartbeat OK (call #37700)
  Heartbeat OK (call #37800)
  Heartbeat OK (call #37900)
  Heartbeat OK (call #38000)
  [46,000/124,529] resolved:43,869 unresolved:2,130 err:1  geo:38019(pt:26329/st:7910/miss:624) (0.8/s ETA:1585m)

  Token expired at record 46069. Refreshing via browser...
  Captured fresh AgMaps token via existing browser
  Token refreshed. Retrying...
  Heartbeat OK (call #38100)
  Heartbeat OK (call #38200)
  Heartbeat OK (call #38300)
  Heartbeat OK (call #38400)
  Heartbeat OK (call #38500)
  [46,500/124,529] resolved:44,333 unresolved:2,166 err:1  geo:38548(pt:26678/st:8053/miss:638) (0.8/s ETA:1578m)
  Heartbeat OK (call #38600)
  Heartbeat OK (call #38700)
  Heartbeat OK (call #38800)
  Heartbeat OK (call #38900)
  [47,000/124,529] resolved:44,779 unresolved:2,220 err:1  geo:38998(pt:26946/st:8200/miss:657) (0.8/s ETA:1569m)
  Heartbeat OK (call #39000)
  Heartbeat OK (call #39100)
  Heartbeat OK (call #39200)
  Heartbeat OK (call #39300)
  Heartbeat OK (call #39400)
  [47,500/124,529] resolved:45,247 unresolved:2,252 err:1  geo:39480(pt:27263/st:8334/miss:673) (0.8/s ETA:1560m)
  Heartbeat OK (call #39500)
  Heartbeat OK (call #39600)
  Heartbeat OK (call #39700)
  Heartbeat OK (call #39800)
  Heartbeat OK (call #39900)
  [48,000/124,529] resolved:45,710 unresolved:2,289 err:1  geo:39931(pt:27550/st:8435/miss:695) (0.8/s ETA:1549m)
  Heartbeat OK (call #40000)
  Heartbeat OK (call #40100)
  Heartbeat OK (call #40200)
  Heartbeat OK (call #40300)
  Heartbeat OK (call #40400)
  [48,500/124,529] resolved:46,174 unresolved:2,325 err:1  geo:40401(pt:27856/st:8556/miss:715) (0.8/s ETA:1538m)
  Heartbeat OK (call #40500)
  Heartbeat OK (call #40600)
  Heartbeat OK (call #40700)
  Heartbeat OK (call #40800)

  Token expired at record 48968. Refreshing via browser...
  Captured fresh AgMaps token via existing browser
  Token refreshed. Retrying...
  [49,000/124,529] resolved:46,639 unresolved:2,360 err:1  geo:40833(pt:28154/st:8667/miss:727) (0.8/s ETA:1528m)
  Heartbeat OK (call #40900)
  Heartbeat OK (call #41000)
  Heartbeat OK (call #41100)
  Heartbeat OK (call #41200)
  [49,500/124,529] resolved:47,113 unresolved:2,386 err:1  geo:41296(pt:28463/st:8783/miss:741) (0.8/s ETA:1517m)
  Heartbeat OK (call #41300)
  Heartbeat OK (call #41400)
  Heartbeat OK (call #41500)
  Heartbeat OK (call #41600)
  Heartbeat OK (call #41700)
  [50,000/124,529] resolved:47,585 unresolved:2,414 err:1  geo:41753(pt:28776/st:8884/miss:761) (0.8/s ETA:1507m)
  Heartbeat OK (call #41800)
  Heartbeat OK (call #41900)
  Heartbeat OK (call #42000)
  Heartbeat OK (call #42100)
  [50,500/124,529] resolved:48,048 unresolved:2,451 err:1  geo:42194(pt:29066/st:8990/miss:779) (0.8/s ETA:1495m)
  Heartbeat OK (call #42200)
  Heartbeat OK (call #42300)
  Heartbeat OK (call #42400)
  Heartbeat OK (call #42500)
  Heartbeat OK (call #42600)
  [51,000/124,529] resolved:48,527 unresolved:2,472 err:1  geo:42667(pt:29372/st:9113/miss:794) (0.8/s ETA:1485m)
  Heartbeat OK (call #42700)
  Heartbeat OK (call #42800)
  Heartbeat OK (call #42900)
  Heartbeat OK (call #43000)
  [51,500/124,529] resolved:48,998 unresolved:2,501 err:1  geo:43080(pt:29657/st:9206/miss:806) (0.8/s ETA:1472m)
  Heartbeat OK (call #43100)
  Heartbeat OK (call #43200)
  Heartbeat OK (call #43300)
  Heartbeat OK (call #43400)
  Heartbeat OK (call #43500)
  [52,000/124,529] resolved:49,465 unresolved:2,534 err:1  geo:43519(pt:29950/st:9301/miss:819) (0.8/s ETA:1461m)
  Heartbeat OK (call #43600)

  Token expired at record 52187. Refreshing via browser...
  Captured fresh AgMaps token via existing browser
  Token refreshed. Retrying...
  Heartbeat OK (call #43700)
  Heartbeat OK (call #43800)
  Heartbeat OK (call #43900)
  [52,500/124,529] resolved:49,932 unresolved:2,567 err:1  geo:43927(pt:30225/st:9394/miss:831) (0.8/s ETA:1450m)
  Heartbeat OK (call #44000)
  Heartbeat OK (call #44100)
  Heartbeat OK (call #44200)
  Heartbeat OK (call #44300)
  Heartbeat OK (call #44400)
  [53,000/124,529] resolved:50,402 unresolved:2,597 err:1  geo:44405(pt:30539/st:9527/miss:843) (0.8/s ETA:1441m)
  Heartbeat OK (call #44500)
  Heartbeat OK (call #44600)
  Heartbeat OK (call #44700)
  Heartbeat OK (call #44800)
  [53,500/124,529] resolved:50,884 unresolved:2,615 err:1  geo:44884(pt:30859/st:9643/miss:854) (0.8/s ETA:1430m)
  Heartbeat OK (call #44900)
  Heartbeat OK (call #45000)
  Heartbeat OK (call #45100)
  Heartbeat OK (call #45200)
  Heartbeat OK (call #45300)
  [54,000/124,529] resolved:51,352 unresolved:2,647 err:1  geo:45306(pt:31136/st:9751/miss:868) (0.8/s ETA:1420m)
  Heartbeat OK (call #45400)
  Heartbeat OK (call #45500)
  Heartbeat OK (call #45600)
  Heartbeat OK (call #45700)
  [54,500/124,529] resolved:51,824 unresolved:2,675 err:1  geo:45750(pt:31429/st:9858/miss:886) (0.8/s ETA:1409m)
  Heartbeat OK (call #45800)
  Heartbeat OK (call #45900)
  Heartbeat OK (call #46000)
  Heartbeat OK (call #46100)
  [55,000/124,529] resolved:52,296 unresolved:2,703 err:1  geo:46194(pt:31735/st:9962/miss:896) (0.8/s ETA:1399m)
  Heartbeat OK (call #46200)
  Heartbeat OK (call #46300)

  Token expired at record 55184. Refreshing via browser...
  Captured fresh AgMaps token via existing browser
  Token refreshed. Retrying...
  Heartbeat OK (call #46400)
  Heartbeat OK (call #46500)
  Heartbeat OK (call #46600)
  [55,500/124,529] resolved:52,770 unresolved:2,729 err:1  geo:46629(pt:32038/st:10069/miss:906) (0.8/s ETA:1390m)
  Heartbeat OK (call #46700)
  Heartbeat OK (call #46800)
  Heartbeat OK (call #46900)
  Heartbeat OK (call #47000)
  [56,000/124,529] resolved:53,247 unresolved:2,752 err:1  geo:47038(pt:32337/st:10145/miss:917) (0.8/s ETA:1378m)
  Heartbeat OK (call #47100)
  Heartbeat OK (call #47200)
  Heartbeat OK (call #47300)
  Heartbeat OK (call #47400)
  [56,500/124,529] resolved:53,731 unresolved:2,768 err:1  geo:47455(pt:32630/st:10236/miss:925) (0.8/s ETA:1366m)
  Heartbeat OK (call #47500)
  Heartbeat OK (call #47600)
  Heartbeat OK (call #47700)
  Heartbeat OK (call #47800)
  [57,000/124,529] resolved:54,210 unresolved:2,789 err:1  geo:47876(pt:32937/st:10314/miss:939) (0.8/s ETA:1355m)
  Heartbeat OK (call #47900)
  Heartbeat OK (call #48000)
  Heartbeat OK (call #48100)
  Heartbeat OK (call #48200)
  Heartbeat OK (call #48300)
  [57,500/124,529] resolved:54,691 unresolved:2,808 err:1  geo:48302(pt:33232/st:10411/miss:956) (0.8/s ETA:1344m)
  Heartbeat OK (call #48400)
  Heartbeat OK (call #48500)
  Heartbeat OK (call #48600)
  [58,000/124,529] resolved:55,149 unresolved:2,850 err:1  geo:48697(pt:33499/st:10485/miss:973) (0.8/s ETA:1332m)
  Heartbeat OK (call #48700)
  Heartbeat OK (call #48800)
  Heartbeat OK (call #48900)
  Heartbeat OK (call #49000)
  [58,500/124,529] resolved:55,626 unresolved:2,873 err:1  geo:49094(pt:33790/st:10554/miss:988) (0.8/s ETA:1319m)
  Heartbeat OK (call #49100)

  Token expired at record 58591. Refreshing via browser...
  Captured fresh AgMaps token via existing browser
  Token refreshed. Retrying...
  Heartbeat OK (call #49200)
  Heartbeat OK (call #49300)
  Heartbeat OK (call #49400)
  [59,000/124,529] resolved:56,099 unresolved:2,900 err:1  geo:49493(pt:34079/st:10630/miss:1003) (0.8/s ETA:1308m)
  Heartbeat OK (call #49500)
  Heartbeat OK (call #49600)
  Geocode error (attempt 1): Expecting value: line 1 column 1 (char 0)
  Waiting 10s before retry...
  Refreshing session (refresh #2)...
  Session refreshed successfully.
  Geocode error (attempt 2): Expecting value: line 1 column 1 (char 0)
  Waiting 20s before retry...
  Refreshing session (refresh #3)...
  Session refreshed successfully.
  Geocode error (attempt 3): Expecting value: line 1 column 1 (char 0)
  Waiting 30s before retry...
  Refreshing session (refresh #4)...
  Session refreshed successfully.
  Heartbeat OK (call #49700)
  Heartbeat OK (call #49800)
  Heartbeat OK (call #49900)
  [59,500/124,529] resolved:56,577 unresolved:2,922 err:1  geo:49913(pt:34374/st:10718/miss:1019) (0.8/s ETA:1299m)
  Heartbeat OK (call #50000)
  Heartbeat OK (call #50100)
  Heartbeat OK (call #50200)
  Heartbeat OK (call #50300)
  [60,000/124,529] resolved:57,060 unresolved:2,939 err:1  geo:50349(pt:34671/st:10823/miss:1036) (0.8/s ETA:1288m)
  Heartbeat OK (call #50400)
  Heartbeat OK (call #50500)
  Heartbeat OK (call #50600)
  Heartbeat OK (call #50700)
  [60,500/124,529] resolved:57,537 unresolved:2,962 err:1  geo:50782(pt:34983/st:10900/miss:1055) (0.8/s ETA:1277m)
  Heartbeat OK (call #50800)
  Heartbeat OK (call #50900)
  Heartbeat OK (call #51000)
  Heartbeat OK (call #51100)
  Heartbeat OK (call #51200)
  [61,000/124,529] resolved:58,005 unresolved:2,994 err:1  geo:51223(pt:35266/st:11023/miss:1067) (0.8/s ETA:1268m)
  Heartbeat OK (call #51300)
  Heartbeat OK (call #51400)
  Heartbeat OK (call #51500)
  Heartbeat OK (call #51600)
  [61,500/124,529] resolved:58,477 unresolved:3,022 err:1  geo:51625(pt:35543/st:11094/miss:1098) (0.8/s ETA:1257m)
  Heartbeat OK (call #51700)
  Heartbeat OK (call #51800)

  Token expired at record 61700. Refreshing via browser...
  Captured fresh AgMaps token via existing browser
  Token refreshed. Retrying...
  Heartbeat OK (call #51900)
  Heartbeat OK (call #52000)
  [62,000/124,529] resolved:58,956 unresolved:3,043 err:1  geo:52064(pt:35827/st:11203/miss:1121) (0.8/s ETA:1247m)
  Heartbeat OK (call #52100)
  Heartbeat OK (call #52200)
  Heartbeat OK (call #52300)
  Heartbeat OK (call #52400)
  [62,500/124,529] resolved:59,431 unresolved:3,068 err:1  geo:52500(pt:36108/st:11315/miss:1135) (0.8/s ETA:1237m)
  Heartbeat OK (call #52500)
  Heartbeat OK (call #52600)
  Heartbeat OK (call #52700)
  Heartbeat OK (call #52800)
  Heartbeat OK (call #52900)
  [63,000/124,529] resolved:59,909 unresolved:3,090 err:1  geo:52918(pt:36387/st:11392/miss:1169) (0.8/s ETA:1226m)
  Heartbeat OK (call #53000)
  Heartbeat OK (call #53100)
  Heartbeat OK (call #53200)
  Heartbeat OK (call #53300)
  [63,500/124,529] resolved:60,395 unresolved:3,104 err:1  geo:53348(pt:36682/st:11499/miss:1178) (0.8/s ETA:1216m)
  Heartbeat OK (call #53400)
  Heartbeat OK (call #53500)
  Heartbeat OK (call #53600)
  Geocode error (attempt 1): Geocoder error: Error finding address candidates
  Waiting 10s before retry...
  Refreshing session (refresh #5)...
  Session refreshed successfully.
  Heartbeat OK (call #53700)
  [64,000/124,529] resolved:60,879 unresolved:3,120 err:1  geo:53778(pt:36975/st:11595/miss:1200) (0.8/s ETA:1206m)
  Heartbeat OK (call #53800)
  Heartbeat OK (call #53900)
  Heartbeat OK (call #54000)
  Heartbeat OK (call #54100)
  [64,500/124,529] resolved:61,364 unresolved:3,135 err:1  geo:54177(pt:37242/st:11681/miss:1219) (0.8/s ETA:1195m)
  Heartbeat OK (call #54200)
  Geocode error (attempt 1): Geocoder error: Error finding address candidates
  Waiting 10s before retry...
  Refreshing session (refresh #6)...
  Session refreshed successfully.
  Heartbeat OK (call #54300)
  Heartbeat OK (call #54400)

  Token expired at record 64789. Refreshing via browser...
  Captured fresh AgMaps token via existing browser
  Token refreshed. Retrying...
  Heartbeat OK (call #54500)
  Heartbeat OK (call #54600)
  [65,000/124,529] resolved:61,841 unresolved:3,158 err:1  geo:54604(pt:37542/st:11770/miss:1235) (0.8/s ETA:1186m)
  Heartbeat OK (call #54700)
  Heartbeat OK (call #54800)
  Heartbeat OK (call #54900)
  Heartbeat OK (call #55000)
  [65,500/124,529] resolved:62,327 unresolved:3,172 err:1  geo:55028(pt:37812/st:11881/miss:1245) (0.8/s ETA:1177m)
  Heartbeat OK (call #55100)
  Heartbeat OK (call #55200)
  Heartbeat OK (call #55300)
  Heartbeat OK (call #55400)
  [66,000/124,529] resolved:62,812 unresolved:3,187 err:1  geo:55466(pt:38093/st:11984/miss:1275) (0.8/s ETA:1167m)
  Heartbeat OK (call #55500)
  Heartbeat OK (call #55600)
  Heartbeat OK (call #55700)
  Heartbeat OK (call #55800)
  [66,500/124,529] resolved:63,302 unresolved:3,197 err:1  geo:55892(pt:38404/st:12070/miss:1289) (0.8/s ETA:1156m)
  Heartbeat OK (call #55900)
  Heartbeat OK (call #56000)
  Heartbeat OK (call #56100)
  Heartbeat OK (call #56200)
  Heartbeat OK (call #56300)
  [67,000/124,529] resolved:63,790 unresolved:3,209 err:1  geo:56331(pt:38713/st:12161/miss:1307) (0.8/s ETA:1146m)
  Heartbeat OK (call #56400)
  Heartbeat OK (call #56500)
  Heartbeat OK (call #56600)
  Heartbeat OK (call #56700)
  [67,500/124,529] resolved:64,271 unresolved:3,228 err:1  geo:56740(pt:38973/st:12247/miss:1325) (0.8/s ETA:1135m)
  Heartbeat OK (call #56800)
  Heartbeat OK (call #56900)
  Heartbeat OK (call #57000)

  Token expired at record 67865. Refreshing via browser...
  Browser token capture failed: Page.goto: Timeout 60000ms exceeded.
Call log:
  - navigating to "https://www.lioapplications.lrc.gov.on.ca/AgMaps/Index.html?viewer=AgMaps.AgMaps&locale=en-CA", waiting until "networkidle"

  Falling back to fresh Playwright session...
Ontario Geocoder — starting session...
  Session ready.
  Token refreshed. Retrying...
  Heartbeat OK (call #100)
  [68,000/124,529] resolved:64,750 unresolved:3,249 err:1  geo:120(pt:75/st:18/miss:5) (0.8/s ETA:1126m)
  Heartbeat OK (call #200)
  Heartbeat OK (call #300)
  Heartbeat OK (call #400)
  Heartbeat OK (call #500)
  [68,500/124,529] resolved:65,234 unresolved:3,265 err:1  geo:531(pt:340/st:111/miss:22) (0.8/s ETA:1116m)
  Heartbeat OK (call #600)
  Heartbeat OK (call #700)
  Heartbeat OK (call #800)
  Heartbeat OK (call #900)
  [69,000/124,529] resolved:65,718 unresolved:3,281 err:1  geo:959(pt:633/st:206/miss:31) (0.8/s ETA:1106m)
  Heartbeat OK (call #1000)
  Heartbeat OK (call #1100)
  Heartbeat OK (call #1200)
  Heartbeat OK (call #1300)
  [69,500/124,529] resolved:66,203 unresolved:3,296 err:1  geo:1384(pt:901/st:319/miss:43) (0.8/s ETA:1097m)
  Heartbeat OK (call #1400)
  Heartbeat OK (call #1500)
  Heartbeat OK (call #1600)
  Heartbeat OK (call #1700)
  Heartbeat OK (call #1800)
  [70,000/124,529] resolved:66,683 unresolved:3,316 err:1  geo:1804(pt:1199/st:412/miss:50) (0.8/s ETA:1086m)
  Heartbeat OK (call #1900)
  Heartbeat OK (call #2000)
  Heartbeat OK (call #2100)
  Heartbeat OK (call #2200)
  [70,500/124,529] resolved:67,167 unresolved:3,332 err:1  geo:2238(pt:1471/st:520/miss:69) (0.8/s ETA:1076m)
  Heartbeat OK (call #2300)
  Heartbeat OK (call #2400)
  Heartbeat OK (call #2500)

  Token expired at record 70962. Refreshing via browser...
  Captured fresh AgMaps token via existing browser
  Token refreshed. Retrying...
  Heartbeat OK (call #2600)
  [71,000/124,529] resolved:67,645 unresolved:3,354 err:1  geo:2632(pt:1743/st:590/miss:82) (0.8/s ETA:1066m)
  Heartbeat OK (call #2700)
  Heartbeat OK (call #2800)
  Heartbeat OK (call #2900)
  Heartbeat OK (call #3000)
  [71,500/124,529] resolved:68,124 unresolved:3,375 err:1  geo:3016(pt:1969/st:695/miss:97) (0.8/s ETA:1056m)
  Heartbeat OK (call #3100)
  Heartbeat OK (call #3200)
  Heartbeat OK (call #3300)
  Heartbeat OK (call #3400)
  [72,000/124,529] resolved:68,607 unresolved:3,392 err:1  geo:3414(pt:2217/st:792/miss:114) (0.8/s ETA:1046m)
  Heartbeat OK (call #3500)
  Heartbeat OK (call #3600)
  Heartbeat OK (call #3700)
  Heartbeat OK (call #3800)
  [72,500/124,529] resolved:69,098 unresolved:3,401 err:1  geo:3833(pt:2489/st:900/miss:129) (0.8/s ETA:1035m)
  Heartbeat OK (call #3900)
  Heartbeat OK (call #4000)
  Heartbeat OK (call #4100)
  Heartbeat OK (call #4200)
  [73,000/124,529] resolved:69,580 unresolved:3,419 err:1  geo:4255(pt:2771/st:996/miss:144) (0.8/s ETA:1027m)
  Heartbeat OK (call #4300)
  Heartbeat OK (call #4400)
  Heartbeat OK (call #4500)
  Heartbeat OK (call #4600)
  [73,500/124,529] resolved:70,059 unresolved:3,440 err:1  geo:4675(pt:3038/st:1094/miss:156) (0.8/s ETA:1016m)
  Heartbeat OK (call #4700)
  Heartbeat OK (call #4800)
  Heartbeat OK (call #4900)
  Heartbeat OK (call #5000)

  Token expired at record 73954. Refreshing via browser...
  Captured fresh AgMaps token via existing browser
  Token refreshed. Retrying...
  Heartbeat OK (call #5100)
  [74,000/124,529] resolved:70,533 unresolved:3,466 err:1  geo:5107(pt:3331/st:1177/miss:175) (0.8/s ETA:1006m)
  Heartbeat OK (call #5200)
  Heartbeat OK (call #5300)
  Heartbeat OK (call #5400)
  Heartbeat OK (call #5500)
  [74,500/124,529] resolved:71,017 unresolved:3,482 err:1  geo:5524(pt:3611/st:1255/miss:189) (0.8/s ETA:995m)
  Heartbeat OK (call #5600)
  Heartbeat OK (call #5700)
  Heartbeat OK (call #5800)
  Heartbeat OK (call #5900)
  [75,000/124,529] resolved:71,505 unresolved:3,494 err:1  geo:5932(pt:3906/st:1336/miss:198) (0.8/s ETA:985m)
  Heartbeat OK (call #6000)
  Heartbeat OK (call #6100)
  Heartbeat OK (call #6200)
  Heartbeat OK (call #6300)
  [75,500/124,529] resolved:71,992 unresolved:3,507 err:1  geo:6339(pt:4189/st:1415/miss:204) (0.8/s ETA:974m)
  Heartbeat OK (call #6400)
  Heartbeat OK (call #6500)
  Heartbeat OK (call #6600)
  Heartbeat OK (call #6700)
  [76,000/124,529] resolved:72,481 unresolved:3,518 err:1  geo:6789(pt:4491/st:1528/miss:211) (0.8/s ETA:964m)
  Heartbeat OK (call #6800)
  Heartbeat OK (call #6900)
  Heartbeat OK (call #7000)
  Heartbeat OK (call #7100)
  Heartbeat OK (call #7200)
  [76,500/124,529] resolved:72,965 unresolved:3,534 err:1  geo:7235(pt:4777/st:1635/miss:224) (0.8/s ETA:954m)
  Heartbeat OK (call #7300)
  Heartbeat OK (call #7400)
  Heartbeat OK (call #7500)
  Heartbeat OK (call #7600)
  [77,000/124,529] resolved:73,446 unresolved:3,553 err:1  geo:7663(pt:5056/st:1722/miss:240) (0.8/s ETA:944m)
  Heartbeat OK (call #7700)

  Token expired at record 77180. Refreshing via browser...
  Captured fresh AgMaps token via existing browser
  Token refreshed. Retrying...
  Heartbeat OK (call #7800)
  Heartbeat OK (call #7900)
  Heartbeat OK (call #8000)
  Heartbeat OK (call #8100)
  [77,500/124,529] resolved:73,924 unresolved:3,575 err:1  geo:8102(pt:5326/st:1817/miss:259) (0.8/s ETA:934m)
  Heartbeat OK (call #8200)
  Heartbeat OK (call #8300)
  Heartbeat OK (call #8400)
  Heartbeat OK (call #8500)
  Heartbeat OK (call #8600)
  [78,000/124,529] resolved:74,240 unresolved:3,759 err:1  geo:8670(pt:5657/st:1936/miss:309) (0.8/s ETA:923m)
  Heartbeat OK (call #8700)
  Heartbeat OK (call #8800)
  Heartbeat OK (call #8900)
  Heartbeat OK (call #9000)
  Heartbeat OK (call #9100)
  Heartbeat OK (call #9200)
  [78,500/124,529] resolved:74,528 unresolved:3,971 err:1  geo:9240(pt:6006/st:2069/miss:335) (0.8/s ETA:913m)
  Heartbeat OK (call #9300)
  Heartbeat OK (call #9400)
  Heartbeat OK (call #9500)
  Heartbeat OK (call #9600)
  Heartbeat OK (call #9700)
  [79,000/124,529] resolved:74,814 unresolved:4,185 err:1  geo:9705(pt:6281/st:2175/miss:360) (0.8/s ETA:901m)
  Heartbeat OK (call #9800)
  Heartbeat OK (call #9900)
  Heartbeat OK (call #10000)
  Geocode error (attempt 1): Expecting value: line 1 column 1 (char 0)
  Waiting 10s before retry...
  Refreshing session (refresh #1)...
  Geocode error (attempt 2): Expecting value: line 1 column 1 (char 0)
  Waiting 20s before retry...
  Refreshing session (refresh #2)...
  Session refreshed successfully.
  Geocode error (attempt 3): Expecting value: line 1 column 1 (char 0)
  Waiting 30s before retry...
  Refreshing session (refresh #3)...
  Session refreshed successfully.
  Heartbeat OK (call #10100)
  Heartbeat OK (call #10200)
  [79,500/124,529] resolved:75,094 unresolved:4,405 err:1  geo:10281(pt:6604/st:2307/miss:382) (0.8/s ETA:893m)
  Heartbeat OK (call #10300)
  Heartbeat OK (call #10400)
  Heartbeat OK (call #10500)
  Heartbeat OK (call #10600)
  Heartbeat OK (call #10700)
  Heartbeat OK (call #10800)
  [80,000/124,529] resolved:75,415 unresolved:4,584 err:1  geo:10817(pt:6945/st:2412/miss:398) (0.8/s ETA:884m)
  Heartbeat OK (call #10900)
  Heartbeat OK (call #11000)

  Token expired at record 80191. Refreshing via browser...
  Captured fresh AgMaps token via existing browser
  Token refreshed. Retrying...
  Heartbeat OK (call #11100)
  Heartbeat OK (call #11200)
  Heartbeat OK (call #11300)
  [80,500/124,529] resolved:75,748 unresolved:4,751 err:1  geo:11376(pt:7304/st:2515/miss:426) (0.8/s ETA:874m)
  Heartbeat OK (call #11400)
  Heartbeat OK (call #11500)
  Heartbeat OK (call #11600)
  Heartbeat OK (call #11700)
  Heartbeat OK (call #11800)
  [81,000/124,529] resolved:76,043 unresolved:4,956 err:1  geo:11849(pt:7598/st:2604/miss:448) (0.8/s ETA:863m)
  Heartbeat OK (call #11900)
  Heartbeat OK (call #12000)
  Heartbeat OK (call #12100)
  Geocode error (attempt 1): Expecting value: line 1 column 1 (char 0)
  Waiting 10s before retry...
  Refreshing session (refresh #4)...
  Session refreshed successfully.
  Geocode error (attempt 2): Expecting value: line 1 column 1 (char 0)
  Waiting 20s before retry...
  Refreshing session (refresh #5)...
  Session refreshed successfully.
  Geocode error (attempt 3): Expecting value: line 1 column 1 (char 0)
  Waiting 30s before retry...
  Refreshing session (refresh #6)...
  Session refreshed successfully.
  Heartbeat OK (call #12200)
  Heartbeat OK (call #12300)
  [81,500/124,529] resolved:76,365 unresolved:5,134 err:1  geo:12333(pt:7869/st:2718/miss:461) (0.8/s ETA:853m)
  Heartbeat OK (call #12400)
  Heartbeat OK (call #12500)
  Heartbeat OK (call #12600)
  Heartbeat OK (call #12700)
  Heartbeat OK (call #12800)
  [82,000/124,529] resolved:76,703 unresolved:5,296 err:1  geo:12855(pt:8206/st:2819/miss:476) (0.8/s ETA:842m)
  Heartbeat OK (call #12900)
  Heartbeat OK (call #13000)
  Heartbeat OK (call #13100)
  Heartbeat OK (call #13200)
  Heartbeat OK (call #13300)
  [82,500/124,529] resolved:77,017 unresolved:5,482 err:1  geo:13365(pt:8489/st:2932/miss:490) (0.8/s ETA:832m)
  Heartbeat OK (call #13400)
  Heartbeat OK (call #13500)
  Heartbeat OK (call #13600)
  Heartbeat OK (call #13700)
  Heartbeat OK (call #13800)
  [83,000/124,529] resolved:77,351 unresolved:5,648 err:1  geo:13887(pt:8799/st:3039/miss:513) (0.8/s ETA:821m)
  Heartbeat OK (call #13900)
  Heartbeat OK (call #14000)
  Heartbeat OK (call #14100)
  Heartbeat OK (call #14200)
  Heartbeat OK (call #14300)
  [83,500/124,529] resolved:77,663 unresolved:5,836 err:1  geo:14386(pt:9071/st:3174/miss:534) (0.8/s ETA:811m)
  Heartbeat OK (call #14400)

  Token expired at record 83581. Refreshing via browser...
  Browser token capture failed: Page.goto: Timeout 60000ms exceeded.
Call log:
  - navigating to "https://www.lioapplications.lrc.gov.on.ca/AgMaps/Index.html?viewer=AgMaps.AgMaps&locale=en-CA", waiting until "networkidle"

  Falling back to fresh Playwright session...
  Token fetch failed (attempt 1): Page.goto: Timeout 60000ms exceeded.
Call log:
  - navigating to "https://www.lioapplications.lrc.gov.on.ca/AgMaps/Index.html?viewer=AgMaps.AgMaps&locale=en-CA", waiting until "networkidle"

  Retrying in 10s...
Ontario Geocoder — starting session...
  Session ready.
  Token refreshed. Retrying...
  Heartbeat OK (call #100)
  Heartbeat OK (call #200)
  Heartbeat OK (call #300)
  Heartbeat OK (call #400)
  [84,000/124,529] resolved:77,962 unresolved:6,037 err:1  geo:410(pt:223/st:91/miss:17) (0.8/s ETA:802m)
  Heartbeat OK (call #500)
  Heartbeat OK (call #600)
  Heartbeat OK (call #700)
  Heartbeat OK (call #800)
  [84,500/124,529] resolved:78,291 unresolved:6,208 err:1  geo:896(pt:518/st:182/miss:39) (0.8/s ETA:791m)
  Heartbeat OK (call #900)
  Heartbeat OK (call #1000)
  Heartbeat OK (call #1100)
  Heartbeat OK (call #1200)
  Heartbeat OK (call #1300)
  [85,000/124,529] resolved:78,612 unresolved:6,387 err:1  geo:1344(pt:779/st:289/miss:49) (0.8/s ETA:780m)
  Heartbeat OK (call #1400)
  Heartbeat OK (call #1500)
  Heartbeat OK (call #1600)
  Heartbeat OK (call #1700)
  [85,500/124,529] resolved:78,910 unresolved:6,589 err:1  geo:1799(pt:1040/st:386/miss:66) (0.8/s ETA:769m)
  Heartbeat OK (call #1800)
  Heartbeat OK (call #1900)
  Heartbeat OK (call #2000)
  Heartbeat OK (call #2100)
  Heartbeat OK (call #2200)
  [86,000/124,529] resolved:79,218 unresolved:6,781 err:1  geo:2235(pt:1291/st:486/miss:83) (0.8/s ETA:758m)
  Heartbeat OK (call #2300)
  Heartbeat OK (call #2400)
  Heartbeat OK (call #2500)
  Heartbeat OK (call #2600)
  Heartbeat OK (call #2700)
  [86,500/124,529] resolved:79,547 unresolved:6,952 err:1  geo:2702(pt:1568/st:580/miss:89) (0.8/s ETA:747m)
  Heartbeat OK (call #2800)
  Heartbeat OK (call #2900)
  Heartbeat OK (call #3000)
  Heartbeat OK (call #3100)
  [87,000/124,529] resolved:79,877 unresolved:7,122 err:1  geo:3180(pt:1824/st:693/miss:113) (0.8/s ETA:737m)
  Heartbeat OK (call #3200)
  Heartbeat OK (call #3300)
  Heartbeat OK (call #3400)
  Heartbeat OK (call #3500)

  Token expired at record 87383. Refreshing via browser...
  Captured fresh AgMaps token via existing browser
  Token refreshed. Retrying...
  Heartbeat OK (call #3600)
  [87,500/124,529] resolved:80,170 unresolved:7,329 err:1  geo:3625(pt:2051/st:798/miss:127) (0.8/s ETA:726m)
  Heartbeat OK (call #3700)
  Heartbeat OK (call #3800)
  Heartbeat OK (call #3900)
  Heartbeat OK (call #4000)
  [88,000/124,529] resolved:80,488 unresolved:7,511 err:1  geo:4023(pt:2311/st:875/miss:134) (0.9/s ETA:715m)
  Heartbeat OK (call #4100)
  Heartbeat OK (call #4200)
  Heartbeat OK (call #4300)
  Heartbeat OK (call #4400)
  [88,500/124,529] resolved:80,827 unresolved:7,672 err:1  geo:4433(pt:2563/st:970/miss:144) (0.9/s ETA:704m)
  Heartbeat OK (call #4500)
  Heartbeat OK (call #4600)
  Heartbeat OK (call #4700)
  Heartbeat OK (call #4800)
  [89,000/124,529] resolved:81,169 unresolved:7,830 err:1  geo:4887(pt:2826/st:1077/miss:151) (0.9/s ETA:694m)
  Heartbeat OK (call #4900)
  Heartbeat OK (call #5000)
  Heartbeat OK (call #5100)
  Heartbeat OK (call #5200)
  Heartbeat OK (call #5300)
  [89,500/124,529] resolved:81,503 unresolved:7,996 err:1  geo:5374(pt:3111/st:1193/miss:171) (0.9/s ETA:683m)
  Heartbeat OK (call #5400)
  Heartbeat OK (call #5500)
  Heartbeat OK (call #5600)
  Heartbeat OK (call #5700)
  Heartbeat OK (call #5800)
  [90,000/124,529] resolved:81,846 unresolved:8,153 err:1  geo:5887(pt:3406/st:1308/miss:205) (0.9/s ETA:673m)
  Heartbeat OK (call #5900)
  Heartbeat OK (call #6000)
  Heartbeat OK (call #6100)
  Heartbeat OK (call #6200)
  Heartbeat OK (call #6300)
  [90,500/124,529] resolved:82,182 unresolved:8,317 err:1  geo:6391(pt:3693/st:1435/miss:218) (0.9/s ETA:663m)
  Heartbeat OK (call #6400)
  Heartbeat OK (call #6500)
  Heartbeat OK (call #6600)
  Heartbeat OK (call #6700)
  Heartbeat OK (call #6800)
  Heartbeat OK (call #6900)
  [91,000/124,529] resolved:82,517 unresolved:8,482 err:1  geo:6913(pt:3993/st:1556/miss:269) (0.9/s ETA:653m)
  Heartbeat OK (call #7000)

  Token expired at record 91091. Refreshing via browser...
  Captured fresh AgMaps token via existing browser
  Token refreshed. Retrying...
  Heartbeat OK (call #7100)
  Heartbeat OK (call #7200)
  Heartbeat OK (call #7300)
  [91,500/124,529] resolved:82,833 unresolved:8,666 err:1  geo:7360(pt:4242/st:1658/miss:280) (0.9/s ETA:643m)
  Heartbeat OK (call #7400)
  Heartbeat OK (call #7500)
  Heartbeat OK (call #7600)
  Heartbeat OK (call #7700)
  Heartbeat OK (call #7800)
  [92,000/124,529] resolved:83,185 unresolved:8,814 err:1  geo:7802(pt:4517/st:1751/miss:294) (0.9/s ETA:632m)
  Heartbeat OK (call #7900)
  Heartbeat OK (call #8000)
  Heartbeat OK (call #8100)
  [92,500/124,529] resolved:83,526 unresolved:8,973 err:1  geo:8189(pt:4761/st:1812/miss:303) (0.9/s ETA:621m)
  Heartbeat OK (call #8200)
  Heartbeat OK (call #8300)
  Heartbeat OK (call #8400)
  Heartbeat OK (call #8500)
  [93,000/124,529] resolved:83,880 unresolved:9,119 err:1  geo:8544(pt:4992/st:1873/miss:315) (0.9/s ETA:610m)
  Heartbeat OK (call #8600)
  Geocode error (attempt 1): Geocoder error: Error finding address candidates
  Waiting 10s before retry...
  Refreshing session (refresh #1)...
  Heartbeat OK (call #8700)
  Heartbeat OK (call #8800)
  Heartbeat OK (call #8900)
  [93,500/124,529] resolved:84,209 unresolved:9,290 err:1  geo:8961(pt:5237/st:1948/miss:348) (0.9/s ETA:600m)
  Heartbeat OK (call #9000)
  Heartbeat OK (call #9100)
  Heartbeat OK (call #9200)
  Heartbeat OK (call #9300)
  [94,000/124,529] resolved:84,599 unresolved:9,400 err:1  geo:9342(pt:5491/st:2017/miss:349) (0.9/s ETA:589m)
  Heartbeat OK (call #9400)
  Heartbeat OK (call #9500)
  Heartbeat OK (call #9600)
  Heartbeat OK (call #9700)
  [94,500/124,529] resolved:84,979 unresolved:9,520 err:1  geo:9753(pt:5762/st:2088/miss:368) (0.9/s ETA:579m)
  Heartbeat OK (call #9800)
  Heartbeat OK (call #9900)
  Heartbeat OK (call #10000)
  Heartbeat OK (call #10100)
  [95,000/124,529] resolved:85,330 unresolved:9,669 err:1  geo:10160(pt:6023/st:2145/miss:378) (0.9/s ETA:568m)
  Heartbeat OK (call #10200)
  Heartbeat OK (call #10300)
  Heartbeat OK (call #10400)
  Heartbeat OK (call #10500)
  [95,500/124,529] resolved:85,707 unresolved:9,792 err:1  geo:10564(pt:6287/st:2236/miss:384) (0.9/s ETA:557m)
  Heartbeat OK (call #10600)

  Token expired at record 95552. Refreshing via browser...
  Captured fresh AgMaps token via existing browser
  Token refreshed. Retrying...
  Heartbeat OK (call #10700)
  Heartbeat OK (call #10800)
  Heartbeat OK (call #10900)
  [96,000/124,529] resolved:86,063 unresolved:9,936 err:1  geo:10998(pt:6544/st:2339/miss:397) (0.9/s ETA:547m)
  Heartbeat OK (call #11000)
  Heartbeat OK (call #11100)
  Heartbeat OK (call #11200)
  Heartbeat OK (call #11300)
  Heartbeat OK (call #11400)
  [96,500/124,529] resolved:86,435 unresolved:10,064 err:1  geo:11439(pt:6849/st:2425/miss:410) (0.9/s ETA:537m)
  Heartbeat OK (call #11500)
  Heartbeat OK (call #11600)
  Heartbeat OK (call #11700)
  Heartbeat OK (call #11800)
  [97,000/124,529] resolved:86,785 unresolved:10,214 err:1  geo:11836(pt:7118/st:2489/miss:421) (0.9/s ETA:527m)
  Heartbeat OK (call #11900)
  Heartbeat OK (call #12000)
  Heartbeat OK (call #12100)
  Heartbeat OK (call #12200)
  [97,500/124,529] resolved:87,157 unresolved:10,342 err:1  geo:12222(pt:7368/st:2569/miss:428) (0.9/s ETA:517m)
  Heartbeat OK (call #12300)
  Heartbeat OK (call #12400)
  Heartbeat OK (call #12500)
  Heartbeat OK (call #12600)
  [98,000/124,529] resolved:87,502 unresolved:10,497 err:1  geo:12604(pt:7600/st:2651/miss:436) (0.9/s ETA:506m)
  Heartbeat OK (call #12700)
  Heartbeat OK (call #12800)
  Heartbeat OK (call #12900)
  Heartbeat OK (call #13000)
  [98,500/124,529] resolved:87,886 unresolved:10,613 err:1  geo:13061(pt:7881/st:2754/miss:452) (0.9/s ETA:496m)
  Heartbeat OK (call #13100)
  Heartbeat OK (call #13200)
  Heartbeat OK (call #13300)
  Heartbeat OK (call #13400)
  [99,000/124,529] resolved:88,248 unresolved:10,751 err:1  geo:13454(pt:8112/st:2845/miss:466) (0.9/s ETA:486m)
  Heartbeat OK (call #13500)
  Heartbeat OK (call #13600)
  Heartbeat OK (call #13700)
  Heartbeat OK (call #13800)
  [99,500/124,529] resolved:88,616 unresolved:10,883 err:1  geo:13858(pt:8376/st:2922/miss:482) (0.9/s ETA:476m)
  Heartbeat OK (call #13900)

  Token expired at record 99656. Refreshing via browser...
  Captured fresh AgMaps token via existing browser
  Token refreshed. Retrying...
  Heartbeat OK (call #14000)
  Heartbeat OK (call #14100)
  Heartbeat OK (call #14200)
  [100,000/124,529] resolved:88,995 unresolved:11,004 err:1  geo:14266(pt:8639/st:3011/miss:496) (0.9/s ETA:466m)
  Heartbeat OK (call #14300)
  Heartbeat OK (call #14400)
  Heartbeat OK (call #14500)
  Heartbeat OK (call #14600)
  [100,500/124,529] resolved:89,355 unresolved:11,144 err:1  geo:14679(pt:8883/st:3107/miss:507) (0.9/s ETA:456m)
  Heartbeat OK (call #14700)
  Heartbeat OK (call #14800)
  Heartbeat OK (call #14900)
  Heartbeat OK (call #15000)
  [101,000/124,529] resolved:89,715 unresolved:11,284 err:1  geo:15047(pt:9127/st:3174/miss:519) (0.9/s ETA:446m)
  Heartbeat OK (call #15100)
  Heartbeat OK (call #15200)
  Heartbeat OK (call #15300)
  Heartbeat OK (call #15400)
  Heartbeat OK (call #15500)
  [101,500/124,529] resolved:90,083 unresolved:11,416 err:1  geo:15503(pt:9400/st:3297/miss:538) (0.9/s ETA:437m)
  Heartbeat OK (call #15600)
  Heartbeat OK (call #15700)
  Heartbeat OK (call #15800)
  Heartbeat OK (call #15900)
  [102,000/124,529] resolved:90,388 unresolved:11,611 err:1  geo:15903(pt:9679/st:3390/miss:543) (0.9/s ETA:427m)
  Heartbeat OK (call #16000)
  Heartbeat OK (call #16100)
  Heartbeat OK (call #16200)
  [102,500/124,529] resolved:90,713 unresolved:11,786 err:1  geo:16282(pt:9921/st:3491/miss:563) (0.9/s ETA:417m)
  Heartbeat OK (call #16300)
  Heartbeat OK (call #16400)
  Heartbeat OK (call #16500)
  Heartbeat OK (call #16600)
  [103,000/124,529] resolved:91,013 unresolved:11,986 err:1  geo:16688(pt:10181/st:3596/miss:588) (0.9/s ETA:407m)
  Heartbeat OK (call #16700)
  Heartbeat OK (call #16800)
  Heartbeat OK (call #16900)
  Heartbeat OK (call #17000)
  [103,500/124,529] resolved:91,317 unresolved:12,182 err:1  geo:17078(pt:10423/st:3691/miss:611) (0.9/s ETA:397m)
  Heartbeat OK (call #17100)

  Token expired at record 103577. Refreshing via browser...
  Captured fresh AgMaps token via existing browser
  Token refreshed. Retrying...
  Heartbeat OK (call #17200)
  Heartbeat OK (call #17300)
  Heartbeat OK (call #17400)
  [104,000/124,529] resolved:91,583 unresolved:12,416 err:1  geo:17493(pt:10686/st:3784/miss:656) (0.9/s ETA:387m)
  Heartbeat OK (call #17500)
  Heartbeat OK (call #17600)
  Heartbeat OK (call #17700)
  Heartbeat OK (call #17800)
  Heartbeat OK (call #17900)
  [104,500/124,529] resolved:91,864 unresolved:12,635 err:1  geo:17946(pt:10968/st:3873/miss:691) (0.9/s ETA:377m)
  Heartbeat OK (call #18000)
  Heartbeat OK (call #18100)
  Heartbeat OK (call #18200)
  Heartbeat OK (call #18300)
  [105,000/124,529] resolved:92,155 unresolved:12,844 err:1  geo:18333(pt:11214/st:3955/miss:714) (0.9/s ETA:367m)
  Heartbeat OK (call #18400)
  Heartbeat OK (call #18500)
  Heartbeat OK (call #18600)
  [105,500/124,529] resolved:92,464 unresolved:13,035 err:1  geo:18687(pt:11435/st:4042/miss:739) (0.9/s ETA:358m)
  Heartbeat OK (call #18700)
  Heartbeat OK (call #18800)
  Heartbeat OK (call #18900)
  Heartbeat OK (call #19000)
  [106,000/124,529] resolved:92,742 unresolved:13,257 err:1  geo:19054(pt:11665/st:4116/miss:772) (0.9/s ETA:348m)
  Heartbeat OK (call #19100)
  Heartbeat OK (call #19200)
  Heartbeat OK (call #19300)
  Heartbeat OK (call #19400)
  [106,500/124,529] resolved:93,036 unresolved:13,463 err:1  geo:19446(pt:11881/st:4218/miss:794) (0.9/s ETA:338m)
  Heartbeat OK (call #19500)
  Heartbeat OK (call #19600)
  Heartbeat OK (call #19700)
  Heartbeat OK (call #19800)
  [107,000/124,529] resolved:93,347 unresolved:13,652 err:1  geo:19866(pt:12140/st:4342/miss:806) (0.9/s ETA:328m)
  Heartbeat OK (call #19900)
  Heartbeat OK (call #20000)
  Heartbeat OK (call #20100)
  Heartbeat OK (call #20200)
  [107,500/124,529] resolved:93,650 unresolved:13,849 err:1  geo:20299(pt:12423/st:4434/miss:832) (0.9/s ETA:319m)
  Heartbeat OK (call #20300)
  Heartbeat OK (call #20400)

  Token expired at record 107675. Refreshing via browser...
  Captured fresh AgMaps token via existing browser
  Token refreshed. Retrying...
  Heartbeat OK (call #20500)
  Heartbeat OK (call #20600)
  [108,000/124,529] resolved:93,964 unresolved:14,035 err:1  geo:20693(pt:12643/st:4538/miss:851) (0.9/s ETA:309m)
  Heartbeat OK (call #20700)
  Heartbeat OK (call #20800)
  Heartbeat OK (call #20900)
  Heartbeat OK (call #21000)
  [108,500/124,529] resolved:94,234 unresolved:14,265 err:1  geo:21077(pt:12875/st:4633/miss:866) (0.9/s ETA:300m)
  Heartbeat OK (call #21100)
  Heartbeat OK (call #21200)
  Heartbeat OK (call #21300)
  Heartbeat OK (call #21400)
  [109,000/124,529] resolved:94,560 unresolved:14,439 err:1  geo:21428(pt:13089/st:4716/miss:890) (0.9/s ETA:290m)
  Heartbeat OK (call #21500)
  Heartbeat OK (call #21600)
  Heartbeat OK (call #21700)
  Heartbeat OK (call #21800)
  [109,500/124,529] resolved:94,862 unresolved:14,637 err:1  geo:21856(pt:13352/st:4808/miss:914) (0.9/s ETA:280m)
  Heartbeat OK (call #21900)
  Heartbeat OK (call #22000)
  Heartbeat OK (call #22100)
  Heartbeat OK (call #22200)
  [110,000/124,529] resolved:95,144 unresolved:14,855 err:1  geo:22275(pt:13595/st:4906/miss:935) (0.9/s ETA:271m)
  Heartbeat OK (call #22300)
  Heartbeat OK (call #22400)
  Heartbeat OK (call #22500)
  Heartbeat OK (call #22600)
  Heartbeat OK (call #22700)
  [110,500/124,529] resolved:95,442 unresolved:15,057 err:1  geo:22756(pt:13888/st:4993/miss:962) (0.9/s ETA:261m)
  Heartbeat OK (call #22800)
  Heartbeat OK (call #22900)
  Heartbeat OK (call #23000)
  Heartbeat OK (call #23100)
  Heartbeat OK (call #23200)
  [111,000/124,529] resolved:95,728 unresolved:15,271 err:1  geo:23202(pt:14117/st:5125/miss:988) (0.9/s ETA:252m)
  Heartbeat OK (call #23300)
  Heartbeat OK (call #23400)
  Heartbeat OK (call #23500)
  Heartbeat OK (call #23600)
  [111,500/124,529] resolved:96,009 unresolved:15,490 err:1  geo:23639(pt:14374/st:5210/miss:1025) (0.9/s ETA:242m)
  Heartbeat OK (call #23700)

  Token expired at record 111636. Refreshing via browser...
  Captured fresh AgMaps token via existing browser
  Token refreshed. Retrying...
  Heartbeat OK (call #23800)
  Heartbeat OK (call #23900)
  Heartbeat OK (call #24000)
  [112,000/124,529] resolved:96,253 unresolved:15,746 err:1  geo:24010(pt:14598/st:5289/miss:1058) (0.9/s ETA:233m)
  Heartbeat OK (call #24100)
  Heartbeat OK (call #24200)
  Heartbeat OK (call #24300)
  [112,500/124,529] resolved:96,409 unresolved:16,090 err:1  geo:24341(pt:14755/st:5432/miss:1085) (0.9/s ETA:223m)
  Heartbeat OK (call #24400)
  Heartbeat OK (call #24500)
  Heartbeat OK (call #24600)
  [113,000/124,529] resolved:96,518 unresolved:16,481 err:1  geo:24660(pt:14880/st:5582/miss:1123) (0.9/s ETA:214m)
  Heartbeat OK (call #24700)
  Heartbeat OK (call #24800)
  [113,500/124,529] resolved:96,624 unresolved:16,875 err:1  geo:24895(pt:15005/st:5674/miss:1127) (0.9/s ETA:204m)
  Heartbeat OK (call #24900)
  Heartbeat OK (call #25000)
  [114,000/124,529] resolved:96,715 unresolved:17,284 err:1  geo:25065(pt:15093/st:5744/miss:1131) (0.9/s ETA:194m)
  Heartbeat OK (call #25100)
  Heartbeat OK (call #25200)
  [114,500/124,529] resolved:96,825 unresolved:17,674 err:1  geo:25247(pt:15187/st:5798/miss:1152) (0.9/s ETA:185m)
  Heartbeat OK (call #25300)
  Heartbeat OK (call #25400)
  Heartbeat OK (call #25500)
  [115,000/124,529] resolved:96,951 unresolved:18,048 err:1  geo:25524(pt:15316/st:5909/miss:1185) (0.9/s ETA:175m)
  Heartbeat OK (call #25600)
  Heartbeat OK (call #25700)
  [115,500/124,529] resolved:97,086 unresolved:18,413 err:1  geo:25788(pt:15456/st:6003/miss:1199) (0.9/s ETA:166m)
  Heartbeat OK (call #25800)
  Heartbeat OK (call #25900)
  Heartbeat OK (call #26000)
  [116,000/124,529] resolved:97,230 unresolved:18,769 err:1  geo:26010(pt:15584/st:6081/miss:1209) (0.9/s ETA:156m)
  Heartbeat OK (call #26100)
  Heartbeat OK (call #26200)
  [116,500/124,529] resolved:97,408 unresolved:19,091 err:1  geo:26261(pt:15749/st:6141/miss:1224) (0.9/s ETA:147m)
  Heartbeat OK (call #26300)
  Heartbeat OK (call #26400)
  Heartbeat OK (call #26500)
  [117,000/124,529] resolved:97,607 unresolved:19,392 err:1  geo:26554(pt:15926/st:6236/miss:1236) (0.9/s ETA:137m)
  Heartbeat OK (call #26600)

  Token expired at record 117156. Refreshing via browser...
  Captured fresh AgMaps token via existing browser
  Token refreshed. Retrying...
  Heartbeat OK (call #26700)
  Heartbeat OK (call #26800)
  [117,500/124,529] resolved:97,794 unresolved:19,705 err:1  geo:26852(pt:16122/st:6303/miss:1258) (0.9/s ETA:128m)
  Heartbeat OK (call #26900)
  Heartbeat OK (call #27000)
  Heartbeat OK (call #27100)
  [118,000/124,529] resolved:98,010 unresolved:19,989 err:1  geo:27120(pt:16283/st:6386/miss:1266) (0.9/s ETA:119m)
  Heartbeat OK (call #27200)
  Heartbeat OK (call #27300)
  Heartbeat OK (call #27400)
  [118,500/124,529] resolved:98,245 unresolved:20,254 err:1  geo:27408(pt:16449/st:6475/miss:1283) (0.9/s ETA:109m)
  Heartbeat OK (call #27500)
  Heartbeat OK (call #27600)
  [119,000/124,529] resolved:98,486 unresolved:20,513 err:1  geo:27686(pt:16595/st:6539/miss:1308) (0.9/s ETA:100m)
  Heartbeat OK (call #27700)
  Heartbeat OK (call #27800)
  Heartbeat OK (call #27900)
  [119,500/124,529] resolved:98,746 unresolved:20,753 err:1  geo:27968(pt:16776/st:6616/miss:1322) (0.9/s ETA:91m)
  Heartbeat OK (call #28000)
  Heartbeat OK (call #28100)
  Heartbeat OK (call #28200)
  [120,000/124,529] resolved:98,998 unresolved:21,001 err:1  geo:28282(pt:16957/st:6716/miss:1333) (0.9/s ETA:82m)
  Heartbeat OK (call #28300)
  Heartbeat OK (call #28400)
  Heartbeat OK (call #28500)
  [120,500/124,529] resolved:99,233 unresolved:21,266 err:1  geo:28573(pt:17122/st:6804/miss:1343) (0.9/s ETA:73m)
  Heartbeat OK (call #28600)
  Heartbeat OK (call #28700)
  Heartbeat OK (call #28800)
  [121,000/124,529] resolved:99,504 unresolved:21,495 err:1  geo:28836(pt:17287/st:6876/miss:1356) (0.9/s ETA:64m)
  Heartbeat OK (call #28900)
  Heartbeat OK (call #29000)
  Heartbeat OK (call #29100)
  [121,500/124,529] resolved:99,783 unresolved:21,716 err:1  geo:29121(pt:17463/st:6965/miss:1368) (0.9/s ETA:55m)
  Heartbeat OK (call #29200)
  Heartbeat OK (call #29300)
  Heartbeat OK (call #29400)

  Token expired at record 121941. Refreshing via browser...
  Captured fresh AgMaps token via existing browser
  Token refreshed. Retrying...
  Heartbeat OK (call #29500)
  [122,000/124,529] resolved:100,093 unresolved:21,906 err:1  geo:29505(pt:17727/st:7062/miss:1378) (0.9/s ETA:46m)
  Heartbeat OK (call #29600)
  Heartbeat OK (call #29700)
  [122,500/124,529] resolved:100,384 unresolved:22,115 err:1  geo:29794(pt:17928/st:7109/miss:1397) (0.9/s ETA:36m)
  Heartbeat OK (call #29800)
  Heartbeat OK (call #29900)
  Heartbeat OK (call #30000)
  [123,000/124,529] resolved:100,668 unresolved:22,331 err:1  geo:30084(pt:18098/st:7203/miss:1414) (0.9/s ETA:27m)
  Heartbeat OK (call #30100)
  Heartbeat OK (call #30200)
  Heartbeat OK (call #30300)
  [123,500/124,529] resolved:100,964 unresolved:22,535 err:1  geo:30392(pt:18310/st:7262/miss:1428) (0.9/s ETA:18m)
  Heartbeat OK (call #30400)
  Geocode error (attempt 1): Geocoder error: Error finding address candidates
  Waiting 10s before retry...
  Refreshing session (refresh #2)...
  Session refreshed successfully.
  Heartbeat OK (call #30500)
  Heartbeat OK (call #30600)
  Heartbeat OK (call #30700)
  [124,000/124,529] resolved:101,288 unresolved:22,711 err:1  geo:30743(pt:18519/st:7351/miss:1445) (0.9/s ETA:9m)
  Heartbeat OK (call #30800)
  Heartbeat OK (call #30900)
  Heartbeat OK (call #31000)
  [124,500/124,529] resolved:101,614 unresolved:22,885 err:1  geo:31096(pt:18765/st:7418/miss:1468) (0.9/s ETA:1m)
  Heartbeat OK (call #31100)
  [124,529/124,529] resolved:101,634 unresolved:22,894 err:1  geo:31114(pt:18773/st:7425/miss:1468) (0.9/s ETA:0m)

Unified Resolve — Summary (133770.4s)
  verified:            47,508
  spatial_consensus:   5,402
  spatial_geocode:     35,647
  spatial_override:    3,017
  spatial_coords:      0
  arn_only:            10,060
  pin_bridge:          0
  unresolved:          22,894
  errors:              1
  resolution rate:     81.6%

Ontario Geocoder — Summary
  Total requests:      31,114
  API calls:           31,114
  Cache hits:          0
  PointAddress:        18,773
  StreetAddress:       7,425
  Postal:              3,448
  No result:           1,468
  Errors:              0
  Session refreshes:   2
  Success rate:        95.3%
[2026-06-24 00:39:19] Round 1 ended: stopped (rc=0). Cooling down 60s, then resuming...
Sorting pending records (ARN-first, geocoder-needing last)...
Cleo Engine — Unified Resolve (v2)
Addresses files:   124,544
Already resolved:  124,544
Pending:           0
Mode:              REPROCESS ALL

Nothing to process.
[2026-06-24 00:40:44] COMPLETE — nothing left to process after 2 round(s).
